{"stage": "prepared", "setup_s": 1738.6932021300308}
W0927 00:08:14.398900    3000 bfc_allocator.cc:311] Allocator (GPU_0_bfc) ran out of memory trying to allocate 7.02GiB with freed_by_count=0. The caller indicates that this is not a failure, but this may mean that there could be performance gains if more memory were available.
Traceback (most recent call last):
  File "/workspace/beamz-h100/scripts/benchmark_modal_stepping.py", line 242, in <module>
    main()
  File "/workspace/beamz-h100/scripts/benchmark_modal_stepping.py", line 98, in main
    build_scan(program, donate_state=a.donate_state).lower(state, coeffs).compile()
  File "/workspace/venv/lib/python3.12/site-packages/jax/_src/stages.py", line 599, in compile
    self._lowering.compile(**kw),  # pytype: disable=wrong-keyword-args
    ^^^^^^^^^^^^^^^^^^^^^^^^^^^^
  File "/workspace/venv/lib/python3.12/site-packages/jax/_src/interpreters/pxla.py", line 2510, in compile
    executable = UnloadedMeshExecutable.from_hlo(
                 ^^^^^^^^^^^^^^^^^^^^^^^^^^^^^^^^
  File "/workspace/venv/lib/python3.12/site-packages/jax/_src/interpreters/pxla.py", line 3056, in from_hlo
    xla_executable = _cached_compilation(
                     ^^^^^^^^^^^^^^^^^^^^
  File "/workspace/venv/lib/python3.12/site-packages/jax/_src/interpreters/pxla.py", line 2837, in _cached_compilation
    xla_executable = compiler.compile_or_get_cached(
                     ^^^^^^^^^^^^^^^^^^^^^^^^^^^^^^^
  File "/workspace/venv/lib/python3.12/site-packages/jax/_src/compiler.py", line 478, in compile_or_get_cached
    return _compile_and_write_cache(
           ^^^^^^^^^^^^^^^^^^^^^^^^^
  File "/workspace/venv/lib/python3.12/site-packages/jax/_src/compiler.py", line 746, in _compile_and_write_cache
    executable = backend_compile_and_load(
                 ^^^^^^^^^^^^^^^^^^^^^^^^^
  File "/workspace/venv/lib/python3.12/site-packages/jax/_src/profiler.py", line 359, in wrapper
    return func(*args, **kwargs)
           ^^^^^^^^^^^^^^^^^^^^^
  File "/workspace/venv/lib/python3.12/site-packages/jax/_src/compiler.py", line 372, in backend_compile_and_load
    raise e
  File "/workspace/venv/lib/python3.12/site-packages/jax/_src/compiler.py", line 362, in backend_compile_and_load
    return backend.compile_and_load(
           ^^^^^^^^^^^^^^^^^^^^^^^^^
jax.errors.JaxRuntimeError: RESOURCE_EXHAUSTED: Out of memory while trying to allocate 7.02GiB.
