============================= test session starts ==============================
platform linux -- Python 3.12.3, pytest-9.1.1, pluggy-1.6.0
rootdir: /workspace/fixed
configfile: pytest.ini
plugins: cov-7.1.0, hypothesis-6.168.2
collected 8 items

tests/hardware/test_multi_gpu_capacity.py FFFFFFFF                       [100%]

=================================== FAILURES ===================================
________ test_multi_gpu_continuation_matches_unsharded_jax[auto-jax-x] _________

axis = 'x', backend = 'jax', policy = 'auto'
monkeypatch = <_pytest.monkeypatch.MonkeyPatch object at 0x7b3dbae63f80>

    @pytest.mark.parametrize("axis", ["x", "z"])
    @pytest.mark.parametrize("backend", ["jax", "cuda_streamed"])
    @pytest.mark.parametrize("policy", ["auto", "capacity"])
    def test_multi_gpu_continuation_matches_unsharded_jax(axis, backend, policy, monkeypatch):
        count = len(jax.devices())
        if not cuda_backend_status().available or count not in (2, 8):
            pytest.skip("requires two or eight visible CUDA GPUs")
        monkeypatch.setenv("BEAMZ_CUDA_MEMORY_POLICY", policy)
        sim = build_simulation(
            Namespace(
                # Keep the boundary slab narrower than each local partition.
                shape=(37, 41, 49) if count == 2 else (137, 41, 145),
                steps=48,
                pml=12,
                monitors=2,
                frequencies=101,
                material="binary",
                source="mode",
                monitor_type="mode",
            )
        )
        state = sim.initial_state()
        rng = np.random.default_rng(288)
        state = state._replace(
            **{
                name: rng.normal(0, 1e-5, getattr(state, name).shape).astype(np.float32)
                for name in ("ex", "ey", "ez", "hx", "hy", "hz")
            }
        )
        reference = sim.advance(
            state=_copy_state(state), num_steps=48, backend="jax", performance=False
        ).state
        cfg = dict(axis=axis, num_devices=count, backend="gpu")
        first = sim.advance(
            state=_copy_state(state),
            num_steps=17,
            backend=backend,
            sharding=cfg,
            donate_state=True,
            performance=False,
        ).state
        actual = sim.advance(
            state=first,
            num_steps=31,
            backend=backend,
            sharding=cfg,
            donate_state=True,
            performance=False,
        ).state
        jax.block_until_ready(actual)
>       _assert_state_close(reference, actual)

tests/hardware/test_multi_gpu_capacity.py:64: 
_ _ _ _ _ _ _ _ _ _ _ _ _ _ _ _ _ _ _ _ _ _ _ _ _ _ _ _ _ _ _ _ _ _ _ _ _ _ _ _ 

reference = SimulationState(ex=Array([[[ 9.11055577e-06,  6.29445185e-06,  4.64620234e-06, ...,
          4.35123002e-06, -4.24569...=(), recorded_times=(), recorded_counts=(), t=Array(7.0254395e-15, dtype=float32), current_step=Array(48, dtype=int32))
actual = SimulationState(ex=Array([[[ 9.11055577e-06,  6.29445185e-06,  4.64620234e-06, ...,
          4.35123002e-06, -4.24569...=(), recorded_times=(), recorded_counts=(), t=Array(7.0254395e-15, dtype=float32), current_step=Array(48, dtype=int32))
dynamic_atol_scale = 1e-06

    def _assert_state_close(reference, actual, *, dynamic_atol_scale=1e-6):
        reference_leaves = jax.tree_util.tree_leaves(reference)
        actual_leaves = jax.tree_util.tree_leaves(actual)
        assert len(reference_leaves) == len(actual_leaves)
        for expected, observed in zip(reference_leaves, actual_leaves, strict=True):
            expected = np.asarray(expected)
            observed = np.asarray(observed)
            if expected.dtype.name == "bfloat16":
                # ml_dtypes BF16 is not classified as np.inexact by NumPy.
                expected = expected.astype(np.float32)
                observed = observed.astype(np.float32)
            if np.issubdtype(expected.dtype, np.inexact):
                # CPML memories span roughly five orders of magnitude. Near-zero
                # elements can differ by a few float32 ULPs even when the complete
                # recurrence agrees to sub-ppm scale, so keep the strict relative
                # check and derive an absolute floor from the leaf's dynamic range.
                scale = float(np.max(np.abs(expected), initial=0.0))
>               np.testing.assert_allclose(
                    observed,
                    expected,
                    rtol=3e-5,
                    atol=max(3e-6, dynamic_atol_scale * scale),
                )
E               AssertionError: 
E               Not equal to tolerance rtol=3e-05, atol=0.030626
E               
E               Mismatched elements: 2 / 146160 (0.00137%)
E               Mismatch at indices:
E                [5, 7, 8]: -89.61605834960938 (ACTUAL), -89.65374755859375 (DESIRED)
E                [19, 23, 80]: -47.2562255859375 (ACTUAL), -47.21893310546875 (DESIRED)
E               Max absolute difference among violations: 0.03768921
E               Max relative difference among violations: 0.00078978
E                ACTUAL: array([[[ 2.925712e+02, -8.587478e+03, -2.577160e+03, ...,
E                         2.403871e+03, -3.341476e+03,  5.772867e+03],
E                       [ 2.180216e+04,  5.569349e+03, -6.815464e+02, ...,...
E                DESIRED: array([[[ 2.925709e+02, -8.587481e+03, -2.577161e+03, ...,
E                         2.403871e+03, -3.341477e+03,  5.772866e+03],
E                       [ 2.180218e+04,  5.569348e+03, -6.815499e+02, ...,...

tests/hardware/test_cuda_backends.py:431: AssertionError
________ test_multi_gpu_continuation_matches_unsharded_jax[auto-jax-z] _________

axis = 'z', backend = 'jax', policy = 'auto'
monkeypatch = <_pytest.monkeypatch.MonkeyPatch object at 0x7b3a140b0f50>

    @pytest.mark.parametrize("axis", ["x", "z"])
    @pytest.mark.parametrize("backend", ["jax", "cuda_streamed"])
    @pytest.mark.parametrize("policy", ["auto", "capacity"])
    def test_multi_gpu_continuation_matches_unsharded_jax(axis, backend, policy, monkeypatch):
        count = len(jax.devices())
        if not cuda_backend_status().available or count not in (2, 8):
            pytest.skip("requires two or eight visible CUDA GPUs")
        monkeypatch.setenv("BEAMZ_CUDA_MEMORY_POLICY", policy)
        sim = build_simulation(
            Namespace(
                # Keep the boundary slab narrower than each local partition.
                shape=(37, 41, 49) if count == 2 else (137, 41, 145),
                steps=48,
                pml=12,
                monitors=2,
                frequencies=101,
                material="binary",
                source="mode",
                monitor_type="mode",
            )
        )
        state = sim.initial_state()
        rng = np.random.default_rng(288)
        state = state._replace(
            **{
                name: rng.normal(0, 1e-5, getattr(state, name).shape).astype(np.float32)
                for name in ("ex", "ey", "ez", "hx", "hy", "hz")
            }
        )
        reference = sim.advance(
            state=_copy_state(state), num_steps=48, backend="jax", performance=False
        ).state
        cfg = dict(axis=axis, num_devices=count, backend="gpu")
        first = sim.advance(
            state=_copy_state(state),
            num_steps=17,
            backend=backend,
            sharding=cfg,
            donate_state=True,
            performance=False,
        ).state
        actual = sim.advance(
            state=first,
            num_steps=31,
            backend=backend,
            sharding=cfg,
            donate_state=True,
            performance=False,
        ).state
        jax.block_until_ready(actual)
>       _assert_state_close(reference, actual)

tests/hardware/test_multi_gpu_capacity.py:64: 
_ _ _ _ _ _ _ _ _ _ _ _ _ _ _ _ _ _ _ _ _ _ _ _ _ _ _ _ _ _ _ _ _ _ _ _ _ _ _ _ 

reference = SimulationState(ex=Array([[[ 9.11055577e-06,  6.29445185e-06,  4.64620234e-06, ...,
          4.35123002e-06, -4.24569...=(), recorded_times=(), recorded_counts=(), t=Array(7.0254395e-15, dtype=float32), current_step=Array(48, dtype=int32))
actual = SimulationState(ex=Array([[[ 9.11055577e-06,  6.29445185e-06,  4.64620234e-06, ...,
          4.35123002e-06, -4.24569...=(), recorded_times=(), recorded_counts=(), t=Array(7.0254395e-15, dtype=float32), current_step=Array(48, dtype=int32))
dynamic_atol_scale = 1e-06

    def _assert_state_close(reference, actual, *, dynamic_atol_scale=1e-6):
        reference_leaves = jax.tree_util.tree_leaves(reference)
        actual_leaves = jax.tree_util.tree_leaves(actual)
        assert len(reference_leaves) == len(actual_leaves)
        for expected, observed in zip(reference_leaves, actual_leaves, strict=True):
            expected = np.asarray(expected)
            observed = np.asarray(observed)
            if expected.dtype.name == "bfloat16":
                # ml_dtypes BF16 is not classified as np.inexact by NumPy.
                expected = expected.astype(np.float32)
                observed = observed.astype(np.float32)
            if np.issubdtype(expected.dtype, np.inexact):
                # CPML memories span roughly five orders of magnitude. Near-zero
                # elements can differ by a few float32 ULPs even when the complete
                # recurrence agrees to sub-ppm scale, so keep the strict relative
                # check and derive an absolute floor from the leaf's dynamic range.
                scale = float(np.max(np.abs(expected), initial=0.0))
>               np.testing.assert_allclose(
                    observed,
                    expected,
                    rtol=3e-5,
                    atol=max(3e-6, dynamic_atol_scale * scale),
                )
E               AssertionError: 
E               Not equal to tolerance rtol=3e-05, atol=0.030626
E               
E               Mismatched elements: 2 / 146160 (0.00137%)
E               Mismatch at indices:
E                [5, 7, 8]: -89.61605834960938 (ACTUAL), -89.65374755859375 (DESIRED)
E                [19, 23, 80]: -47.2562255859375 (ACTUAL), -47.21893310546875 (DESIRED)
E               Max absolute difference among violations: 0.03768921
E               Max relative difference among violations: 0.00078978
E                ACTUAL: array([[[ 2.925712e+02, -8.587478e+03, -2.577160e+03, ...,
E                         2.403871e+03, -3.341476e+03,  5.772867e+03],
E                       [ 2.180216e+04,  5.569349e+03, -6.815464e+02, ...,...
E                DESIRED: array([[[ 2.925709e+02, -8.587481e+03, -2.577161e+03, ...,
E                         2.403871e+03, -3.341477e+03,  5.772866e+03],
E                       [ 2.180218e+04,  5.569348e+03, -6.815499e+02, ...,...

tests/hardware/test_cuda_backends.py:431: AssertionError
___ test_multi_gpu_continuation_matches_unsharded_jax[auto-cuda_streamed-x] ____

axis = 'x', backend = 'cuda_streamed', policy = 'auto'
monkeypatch = <_pytest.monkeypatch.MonkeyPatch object at 0x7b39c0255070>

    @pytest.mark.parametrize("axis", ["x", "z"])
    @pytest.mark.parametrize("backend", ["jax", "cuda_streamed"])
    @pytest.mark.parametrize("policy", ["auto", "capacity"])
    def test_multi_gpu_continuation_matches_unsharded_jax(axis, backend, policy, monkeypatch):
        count = len(jax.devices())
        if not cuda_backend_status().available or count not in (2, 8):
            pytest.skip("requires two or eight visible CUDA GPUs")
        monkeypatch.setenv("BEAMZ_CUDA_MEMORY_POLICY", policy)
        sim = build_simulation(
            Namespace(
                # Keep the boundary slab narrower than each local partition.
                shape=(37, 41, 49) if count == 2 else (137, 41, 145),
                steps=48,
                pml=12,
                monitors=2,
                frequencies=101,
                material="binary",
                source="mode",
                monitor_type="mode",
            )
        )
        state = sim.initial_state()
        rng = np.random.default_rng(288)
        state = state._replace(
            **{
                name: rng.normal(0, 1e-5, getattr(state, name).shape).astype(np.float32)
                for name in ("ex", "ey", "ez", "hx", "hy", "hz")
            }
        )
        reference = sim.advance(
            state=_copy_state(state), num_steps=48, backend="jax", performance=False
        ).state
        cfg = dict(axis=axis, num_devices=count, backend="gpu")
        first = sim.advance(
            state=_copy_state(state),
            num_steps=17,
            backend=backend,
            sharding=cfg,
            donate_state=True,
            performance=False,
        ).state
        actual = sim.advance(
            state=first,
            num_steps=31,
            backend=backend,
            sharding=cfg,
            donate_state=True,
            performance=False,
        ).state
        jax.block_until_ready(actual)
>       _assert_state_close(reference, actual)

tests/hardware/test_multi_gpu_capacity.py:64: 
_ _ _ _ _ _ _ _ _ _ _ _ _ _ _ _ _ _ _ _ _ _ _ _ _ _ _ _ _ _ _ _ _ _ _ _ _ _ _ _ 

reference = SimulationState(ex=Array([[[ 9.11055577e-06,  6.29445185e-06,  4.64620234e-06, ...,
          4.35123002e-06, -4.24569...=(), recorded_times=(), recorded_counts=(), t=Array(7.0254395e-15, dtype=float32), current_step=Array(48, dtype=int32))
actual = SimulationState(ex=Array([[[ 9.11055577e-06,  6.29445185e-06,  4.64620234e-06, ...,
          4.35123002e-06, -4.24569...=(), recorded_times=(), recorded_counts=(), t=Array(7.0254395e-15, dtype=float32), current_step=Array(48, dtype=int32))
dynamic_atol_scale = 1e-06

    def _assert_state_close(reference, actual, *, dynamic_atol_scale=1e-6):
        reference_leaves = jax.tree_util.tree_leaves(reference)
        actual_leaves = jax.tree_util.tree_leaves(actual)
        assert len(reference_leaves) == len(actual_leaves)
        for expected, observed in zip(reference_leaves, actual_leaves, strict=True):
            expected = np.asarray(expected)
            observed = np.asarray(observed)
            if expected.dtype.name == "bfloat16":
                # ml_dtypes BF16 is not classified as np.inexact by NumPy.
                expected = expected.astype(np.float32)
                observed = observed.astype(np.float32)
            if np.issubdtype(expected.dtype, np.inexact):
                # CPML memories span roughly five orders of magnitude. Near-zero
                # elements can differ by a few float32 ULPs even when the complete
                # recurrence agrees to sub-ppm scale, so keep the strict relative
                # check and derive an absolute floor from the leaf's dynamic range.
                scale = float(np.max(np.abs(expected), initial=0.0))
>               np.testing.assert_allclose(
                    observed,
                    expected,
                    rtol=3e-5,
                    atol=max(3e-6, dynamic_atol_scale * scale),
                )
E               AssertionError: 
E               Not equal to tolerance rtol=3e-05, atol=0.030626
E               
E               Mismatched elements: 1 / 146160 (0.000684%)
E               Mismatch at index:
E                [5, 7, 11]: 11.371203422546387 (ACTUAL), 11.4097900390625 (DESIRED)
E               Max absolute difference among violations: 0.03858662
E               Max relative difference among violations: 0.00338189
E                ACTUAL: array([[[ 2.925705e+02, -8.587482e+03, -2.577160e+03, ...,
E                         2.403871e+03, -3.341476e+03,  5.772864e+03],
E                       [ 2.180218e+04,  5.569347e+03, -6.815474e+02, ...,...
E                DESIRED: array([[[ 2.925709e+02, -8.587481e+03, -2.577161e+03, ...,
E                         2.403871e+03, -3.341477e+03,  5.772866e+03],
E                       [ 2.180218e+04,  5.569348e+03, -6.815499e+02, ...,...

tests/hardware/test_cuda_backends.py:431: AssertionError
___ test_multi_gpu_continuation_matches_unsharded_jax[auto-cuda_streamed-z] ____

axis = 'z', backend = 'cuda_streamed', policy = 'auto'
monkeypatch = <_pytest.monkeypatch.MonkeyPatch object at 0x7b3dbae63d10>

    @pytest.mark.parametrize("axis", ["x", "z"])
    @pytest.mark.parametrize("backend", ["jax", "cuda_streamed"])
    @pytest.mark.parametrize("policy", ["auto", "capacity"])
    def test_multi_gpu_continuation_matches_unsharded_jax(axis, backend, policy, monkeypatch):
        count = len(jax.devices())
        if not cuda_backend_status().available or count not in (2, 8):
            pytest.skip("requires two or eight visible CUDA GPUs")
        monkeypatch.setenv("BEAMZ_CUDA_MEMORY_POLICY", policy)
        sim = build_simulation(
            Namespace(
                # Keep the boundary slab narrower than each local partition.
                shape=(37, 41, 49) if count == 2 else (137, 41, 145),
                steps=48,
                pml=12,
                monitors=2,
                frequencies=101,
                material="binary",
                source="mode",
                monitor_type="mode",
            )
        )
        state = sim.initial_state()
        rng = np.random.default_rng(288)
        state = state._replace(
            **{
                name: rng.normal(0, 1e-5, getattr(state, name).shape).astype(np.float32)
                for name in ("ex", "ey", "ez", "hx", "hy", "hz")
            }
        )
        reference = sim.advance(
            state=_copy_state(state), num_steps=48, backend="jax", performance=False
        ).state
        cfg = dict(axis=axis, num_devices=count, backend="gpu")
        first = sim.advance(
            state=_copy_state(state),
            num_steps=17,
            backend=backend,
            sharding=cfg,
            donate_state=True,
            performance=False,
        ).state
        actual = sim.advance(
            state=first,
            num_steps=31,
            backend=backend,
            sharding=cfg,
            donate_state=True,
            performance=False,
        ).state
        jax.block_until_ready(actual)
>       _assert_state_close(reference, actual)

tests/hardware/test_multi_gpu_capacity.py:64: 
_ _ _ _ _ _ _ _ _ _ _ _ _ _ _ _ _ _ _ _ _ _ _ _ _ _ _ _ _ _ _ _ _ _ _ _ _ _ _ _ 

reference = SimulationState(ex=Array([[[ 9.11055577e-06,  6.29445185e-06,  4.64620234e-06, ...,
          4.35123002e-06, -4.24569...=(), recorded_times=(), recorded_counts=(), t=Array(7.0254395e-15, dtype=float32), current_step=Array(48, dtype=int32))
actual = SimulationState(ex=Array([[[ 9.11055577e-06,  6.29445185e-06,  4.64620234e-06, ...,
          4.35123002e-06, -4.24569...=(), recorded_times=(), recorded_counts=(), t=Array(7.0254395e-15, dtype=float32), current_step=Array(48, dtype=int32))
dynamic_atol_scale = 1e-06

    def _assert_state_close(reference, actual, *, dynamic_atol_scale=1e-6):
        reference_leaves = jax.tree_util.tree_leaves(reference)
        actual_leaves = jax.tree_util.tree_leaves(actual)
        assert len(reference_leaves) == len(actual_leaves)
        for expected, observed in zip(reference_leaves, actual_leaves, strict=True):
            expected = np.asarray(expected)
            observed = np.asarray(observed)
            if expected.dtype.name == "bfloat16":
                # ml_dtypes BF16 is not classified as np.inexact by NumPy.
                expected = expected.astype(np.float32)
                observed = observed.astype(np.float32)
            if np.issubdtype(expected.dtype, np.inexact):
                # CPML memories span roughly five orders of magnitude. Near-zero
                # elements can differ by a few float32 ULPs even when the complete
                # recurrence agrees to sub-ppm scale, so keep the strict relative
                # check and derive an absolute floor from the leaf's dynamic range.
                scale = float(np.max(np.abs(expected), initial=0.0))
>               np.testing.assert_allclose(
                    observed,
                    expected,
                    rtol=3e-5,
                    atol=max(3e-6, dynamic_atol_scale * scale),
                )
E               AssertionError: 
E               Not equal to tolerance rtol=3e-05, atol=0.030626
E               
E               Mismatched elements: 1 / 146160 (0.000684%)
E               Mismatch at index:
E                [5, 7, 11]: 11.371203422546387 (ACTUAL), 11.4097900390625 (DESIRED)
E               Max absolute difference among violations: 0.03858662
E               Max relative difference among violations: 0.00338189
E                ACTUAL: array([[[ 2.925705e+02, -8.587482e+03, -2.577160e+03, ...,
E                         2.403871e+03, -3.341476e+03,  5.772864e+03],
E                       [ 2.180218e+04,  5.569347e+03, -6.815474e+02, ...,...
E                DESIRED: array([[[ 2.925709e+02, -8.587481e+03, -2.577161e+03, ...,
E                         2.403871e+03, -3.341477e+03,  5.772866e+03],
E                       [ 2.180218e+04,  5.569348e+03, -6.815499e+02, ...,...

tests/hardware/test_cuda_backends.py:431: AssertionError
______ test_multi_gpu_continuation_matches_unsharded_jax[capacity-jax-x] _______

axis = 'x', backend = 'jax', policy = 'capacity'
monkeypatch = <_pytest.monkeypatch.MonkeyPatch object at 0x7b398427a930>

    @pytest.mark.parametrize("axis", ["x", "z"])
    @pytest.mark.parametrize("backend", ["jax", "cuda_streamed"])
    @pytest.mark.parametrize("policy", ["auto", "capacity"])
    def test_multi_gpu_continuation_matches_unsharded_jax(axis, backend, policy, monkeypatch):
        count = len(jax.devices())
        if not cuda_backend_status().available or count not in (2, 8):
            pytest.skip("requires two or eight visible CUDA GPUs")
        monkeypatch.setenv("BEAMZ_CUDA_MEMORY_POLICY", policy)
        sim = build_simulation(
            Namespace(
                # Keep the boundary slab narrower than each local partition.
                shape=(37, 41, 49) if count == 2 else (137, 41, 145),
                steps=48,
                pml=12,
                monitors=2,
                frequencies=101,
                material="binary",
                source="mode",
                monitor_type="mode",
            )
        )
        state = sim.initial_state()
        rng = np.random.default_rng(288)
        state = state._replace(
            **{
                name: rng.normal(0, 1e-5, getattr(state, name).shape).astype(np.float32)
                for name in ("ex", "ey", "ez", "hx", "hy", "hz")
            }
        )
        reference = sim.advance(
            state=_copy_state(state), num_steps=48, backend="jax", performance=False
        ).state
        cfg = dict(axis=axis, num_devices=count, backend="gpu")
        first = sim.advance(
            state=_copy_state(state),
            num_steps=17,
            backend=backend,
            sharding=cfg,
            donate_state=True,
            performance=False,
        ).state
        actual = sim.advance(
            state=first,
            num_steps=31,
            backend=backend,
            sharding=cfg,
            donate_state=True,
            performance=False,
        ).state
        jax.block_until_ready(actual)
>       _assert_state_close(reference, actual)

tests/hardware/test_multi_gpu_capacity.py:64: 
_ _ _ _ _ _ _ _ _ _ _ _ _ _ _ _ _ _ _ _ _ _ _ _ _ _ _ _ _ _ _ _ _ _ _ _ _ _ _ _ 

reference = SimulationState(ex=Array([[[ 9.11055577e-06,  6.29445185e-06,  4.64620234e-06, ...,
          4.35123002e-06, -4.24569...=(), recorded_times=(), recorded_counts=(), t=Array(7.0254395e-15, dtype=float32), current_step=Array(48, dtype=int32))
actual = SimulationState(ex=Array([[[ 9.11055577e-06,  6.29445185e-06,  4.64620234e-06, ...,
          4.35123002e-06, -4.24569...=(), recorded_times=(), recorded_counts=(), t=Array(7.0254395e-15, dtype=float32), current_step=Array(48, dtype=int32))
dynamic_atol_scale = 1e-06

    def _assert_state_close(reference, actual, *, dynamic_atol_scale=1e-6):
        reference_leaves = jax.tree_util.tree_leaves(reference)
        actual_leaves = jax.tree_util.tree_leaves(actual)
        assert len(reference_leaves) == len(actual_leaves)
        for expected, observed in zip(reference_leaves, actual_leaves, strict=True):
            expected = np.asarray(expected)
            observed = np.asarray(observed)
            if expected.dtype.name == "bfloat16":
                # ml_dtypes BF16 is not classified as np.inexact by NumPy.
                expected = expected.astype(np.float32)
                observed = observed.astype(np.float32)
            if np.issubdtype(expected.dtype, np.inexact):
                # CPML memories span roughly five orders of magnitude. Near-zero
                # elements can differ by a few float32 ULPs even when the complete
                # recurrence agrees to sub-ppm scale, so keep the strict relative
                # check and derive an absolute floor from the leaf's dynamic range.
                scale = float(np.max(np.abs(expected), initial=0.0))
>               np.testing.assert_allclose(
                    observed,
                    expected,
                    rtol=3e-5,
                    atol=max(3e-6, dynamic_atol_scale * scale),
                )
E               AssertionError: 
E               Not equal to tolerance rtol=3e-05, atol=0.030626
E               
E               Mismatched elements: 2 / 146160 (0.00137%)
E               Mismatch at indices:
E                [5, 7, 8]: -89.61605834960938 (ACTUAL), -89.65374755859375 (DESIRED)
E                [19, 23, 80]: -47.2562255859375 (ACTUAL), -47.21893310546875 (DESIRED)
E               Max absolute difference among violations: 0.03768921
E               Max relative difference among violations: 0.00078978
E                ACTUAL: array([[[ 2.925712e+02, -8.587478e+03, -2.577160e+03, ...,
E                         2.403871e+03, -3.341476e+03,  5.772867e+03],
E                       [ 2.180216e+04,  5.569349e+03, -6.815464e+02, ...,...
E                DESIRED: array([[[ 2.925709e+02, -8.587481e+03, -2.577161e+03, ...,
E                         2.403871e+03, -3.341477e+03,  5.772866e+03],
E                       [ 2.180218e+04,  5.569348e+03, -6.815499e+02, ...,...

tests/hardware/test_cuda_backends.py:431: AssertionError
______ test_multi_gpu_continuation_matches_unsharded_jax[capacity-jax-z] _______

axis = 'z', backend = 'jax', policy = 'capacity'
monkeypatch = <_pytest.monkeypatch.MonkeyPatch object at 0x7b39606e4080>

    @pytest.mark.parametrize("axis", ["x", "z"])
    @pytest.mark.parametrize("backend", ["jax", "cuda_streamed"])
    @pytest.mark.parametrize("policy", ["auto", "capacity"])
    def test_multi_gpu_continuation_matches_unsharded_jax(axis, backend, policy, monkeypatch):
        count = len(jax.devices())
        if not cuda_backend_status().available or count not in (2, 8):
            pytest.skip("requires two or eight visible CUDA GPUs")
        monkeypatch.setenv("BEAMZ_CUDA_MEMORY_POLICY", policy)
        sim = build_simulation(
            Namespace(
                # Keep the boundary slab narrower than each local partition.
                shape=(37, 41, 49) if count == 2 else (137, 41, 145),
                steps=48,
                pml=12,
                monitors=2,
                frequencies=101,
                material="binary",
                source="mode",
                monitor_type="mode",
            )
        )
        state = sim.initial_state()
        rng = np.random.default_rng(288)
        state = state._replace(
            **{
                name: rng.normal(0, 1e-5, getattr(state, name).shape).astype(np.float32)
                for name in ("ex", "ey", "ez", "hx", "hy", "hz")
            }
        )
        reference = sim.advance(
            state=_copy_state(state), num_steps=48, backend="jax", performance=False
        ).state
        cfg = dict(axis=axis, num_devices=count, backend="gpu")
        first = sim.advance(
            state=_copy_state(state),
            num_steps=17,
            backend=backend,
            sharding=cfg,
            donate_state=True,
            performance=False,
        ).state
        actual = sim.advance(
            state=first,
            num_steps=31,
            backend=backend,
            sharding=cfg,
            donate_state=True,
            performance=False,
        ).state
        jax.block_until_ready(actual)
>       _assert_state_close(reference, actual)

tests/hardware/test_multi_gpu_capacity.py:64: 
_ _ _ _ _ _ _ _ _ _ _ _ _ _ _ _ _ _ _ _ _ _ _ _ _ _ _ _ _ _ _ _ _ _ _ _ _ _ _ _ 

reference = SimulationState(ex=Array([[[ 9.11055577e-06,  6.29445185e-06,  4.64620234e-06, ...,
          4.35123002e-06, -4.24569...=(), recorded_times=(), recorded_counts=(), t=Array(7.0254395e-15, dtype=float32), current_step=Array(48, dtype=int32))
actual = SimulationState(ex=Array([[[ 9.11055577e-06,  6.29445185e-06,  4.64620234e-06, ...,
          4.35123002e-06, -4.24569...=(), recorded_times=(), recorded_counts=(), t=Array(7.0254395e-15, dtype=float32), current_step=Array(48, dtype=int32))
dynamic_atol_scale = 1e-06

    def _assert_state_close(reference, actual, *, dynamic_atol_scale=1e-6):
        reference_leaves = jax.tree_util.tree_leaves(reference)
        actual_leaves = jax.tree_util.tree_leaves(actual)
        assert len(reference_leaves) == len(actual_leaves)
        for expected, observed in zip(reference_leaves, actual_leaves, strict=True):
            expected = np.asarray(expected)
            observed = np.asarray(observed)
            if expected.dtype.name == "bfloat16":
                # ml_dtypes BF16 is not classified as np.inexact by NumPy.
                expected = expected.astype(np.float32)
                observed = observed.astype(np.float32)
            if np.issubdtype(expected.dtype, np.inexact):
                # CPML memories span roughly five orders of magnitude. Near-zero
                # elements can differ by a few float32 ULPs even when the complete
                # recurrence agrees to sub-ppm scale, so keep the strict relative
                # check and derive an absolute floor from the leaf's dynamic range.
                scale = float(np.max(np.abs(expected), initial=0.0))
>               np.testing.assert_allclose(
                    observed,
                    expected,
                    rtol=3e-5,
                    atol=max(3e-6, dynamic_atol_scale * scale),
                )
E               AssertionError: 
E               Not equal to tolerance rtol=3e-05, atol=0.030626
E               
E               Mismatched elements: 2 / 146160 (0.00137%)
E               Mismatch at indices:
E                [5, 7, 8]: -89.61605834960938 (ACTUAL), -89.65374755859375 (DESIRED)
E                [19, 23, 80]: -47.2562255859375 (ACTUAL), -47.21893310546875 (DESIRED)
E               Max absolute difference among violations: 0.03768921
E               Max relative difference among violations: 0.00078978
E                ACTUAL: array([[[ 2.925712e+02, -8.587478e+03, -2.577160e+03, ...,
E                         2.403871e+03, -3.341476e+03,  5.772867e+03],
E                       [ 2.180216e+04,  5.569349e+03, -6.815464e+02, ...,...
E                DESIRED: array([[[ 2.925709e+02, -8.587481e+03, -2.577161e+03, ...,
E                         2.403871e+03, -3.341477e+03,  5.772866e+03],
E                       [ 2.180218e+04,  5.569348e+03, -6.815499e+02, ...,...

tests/hardware/test_cuda_backends.py:431: AssertionError
_ test_multi_gpu_continuation_matches_unsharded_jax[capacity-cuda_streamed-x] __

axis = 'x', backend = 'cuda_streamed', policy = 'capacity'
monkeypatch = <_pytest.monkeypatch.MonkeyPatch object at 0x7b39c87ada30>

    @pytest.mark.parametrize("axis", ["x", "z"])
    @pytest.mark.parametrize("backend", ["jax", "cuda_streamed"])
    @pytest.mark.parametrize("policy", ["auto", "capacity"])
    def test_multi_gpu_continuation_matches_unsharded_jax(axis, backend, policy, monkeypatch):
        count = len(jax.devices())
        if not cuda_backend_status().available or count not in (2, 8):
            pytest.skip("requires two or eight visible CUDA GPUs")
        monkeypatch.setenv("BEAMZ_CUDA_MEMORY_POLICY", policy)
        sim = build_simulation(
            Namespace(
                # Keep the boundary slab narrower than each local partition.
                shape=(37, 41, 49) if count == 2 else (137, 41, 145),
                steps=48,
                pml=12,
                monitors=2,
                frequencies=101,
                material="binary",
                source="mode",
                monitor_type="mode",
            )
        )
        state = sim.initial_state()
        rng = np.random.default_rng(288)
        state = state._replace(
            **{
                name: rng.normal(0, 1e-5, getattr(state, name).shape).astype(np.float32)
                for name in ("ex", "ey", "ez", "hx", "hy", "hz")
            }
        )
        reference = sim.advance(
            state=_copy_state(state), num_steps=48, backend="jax", performance=False
        ).state
        cfg = dict(axis=axis, num_devices=count, backend="gpu")
        first = sim.advance(
            state=_copy_state(state),
            num_steps=17,
            backend=backend,
            sharding=cfg,
            donate_state=True,
            performance=False,
        ).state
        actual = sim.advance(
            state=first,
            num_steps=31,
            backend=backend,
            sharding=cfg,
            donate_state=True,
            performance=False,
        ).state
        jax.block_until_ready(actual)
>       _assert_state_close(reference, actual)

tests/hardware/test_multi_gpu_capacity.py:64: 
_ _ _ _ _ _ _ _ _ _ _ _ _ _ _ _ _ _ _ _ _ _ _ _ _ _ _ _ _ _ _ _ _ _ _ _ _ _ _ _ 

reference = SimulationState(ex=Array([[[ 9.11055577e-06,  6.29445185e-06,  4.64620234e-06, ...,
          4.35123002e-06, -4.24569...=(), recorded_times=(), recorded_counts=(), t=Array(7.0254395e-15, dtype=float32), current_step=Array(48, dtype=int32))
actual = SimulationState(ex=Array([[[ 9.11055577e-06,  6.29445185e-06,  4.64620234e-06, ...,
          4.35123002e-06, -4.24569...=(), recorded_times=(), recorded_counts=(), t=Array(7.0254395e-15, dtype=float32), current_step=Array(48, dtype=int32))
dynamic_atol_scale = 1e-06

    def _assert_state_close(reference, actual, *, dynamic_atol_scale=1e-6):
        reference_leaves = jax.tree_util.tree_leaves(reference)
        actual_leaves = jax.tree_util.tree_leaves(actual)
        assert len(reference_leaves) == len(actual_leaves)
        for expected, observed in zip(reference_leaves, actual_leaves, strict=True):
            expected = np.asarray(expected)
            observed = np.asarray(observed)
            if expected.dtype.name == "bfloat16":
                # ml_dtypes BF16 is not classified as np.inexact by NumPy.
                expected = expected.astype(np.float32)
                observed = observed.astype(np.float32)
            if np.issubdtype(expected.dtype, np.inexact):
                # CPML memories span roughly five orders of magnitude. Near-zero
                # elements can differ by a few float32 ULPs even when the complete
                # recurrence agrees to sub-ppm scale, so keep the strict relative
                # check and derive an absolute floor from the leaf's dynamic range.
                scale = float(np.max(np.abs(expected), initial=0.0))
>               np.testing.assert_allclose(
                    observed,
                    expected,
                    rtol=3e-5,
                    atol=max(3e-6, dynamic_atol_scale * scale),
                )
E               AssertionError: 
E               Not equal to tolerance rtol=3e-05, atol=0.030626
E               
E               Mismatched elements: 1 / 146160 (0.000684%)
E               Mismatch at index:
E                [5, 7, 11]: 11.371203422546387 (ACTUAL), 11.4097900390625 (DESIRED)
E               Max absolute difference among violations: 0.03858662
E               Max relative difference among violations: 0.00338189
E                ACTUAL: array([[[ 2.925705e+02, -8.587482e+03, -2.577160e+03, ...,
E                         2.403871e+03, -3.341476e+03,  5.772864e+03],
E                       [ 2.180218e+04,  5.569347e+03, -6.815474e+02, ...,...
E                DESIRED: array([[[ 2.925709e+02, -8.587481e+03, -2.577161e+03, ...,
E                         2.403871e+03, -3.341477e+03,  5.772866e+03],
E                       [ 2.180218e+04,  5.569348e+03, -6.815499e+02, ...,...

tests/hardware/test_cuda_backends.py:431: AssertionError
_ test_multi_gpu_continuation_matches_unsharded_jax[capacity-cuda_streamed-z] __

axis = 'z', backend = 'cuda_streamed', policy = 'capacity'
monkeypatch = <_pytest.monkeypatch.MonkeyPatch object at 0x7b398427a300>

    @pytest.mark.parametrize("axis", ["x", "z"])
    @pytest.mark.parametrize("backend", ["jax", "cuda_streamed"])
    @pytest.mark.parametrize("policy", ["auto", "capacity"])
    def test_multi_gpu_continuation_matches_unsharded_jax(axis, backend, policy, monkeypatch):
        count = len(jax.devices())
        if not cuda_backend_status().available or count not in (2, 8):
            pytest.skip("requires two or eight visible CUDA GPUs")
        monkeypatch.setenv("BEAMZ_CUDA_MEMORY_POLICY", policy)
        sim = build_simulation(
            Namespace(
                # Keep the boundary slab narrower than each local partition.
                shape=(37, 41, 49) if count == 2 else (137, 41, 145),
                steps=48,
                pml=12,
                monitors=2,
                frequencies=101,
                material="binary",
                source="mode",
                monitor_type="mode",
            )
        )
        state = sim.initial_state()
        rng = np.random.default_rng(288)
        state = state._replace(
            **{
                name: rng.normal(0, 1e-5, getattr(state, name).shape).astype(np.float32)
                for name in ("ex", "ey", "ez", "hx", "hy", "hz")
            }
        )
        reference = sim.advance(
            state=_copy_state(state), num_steps=48, backend="jax", performance=False
        ).state
        cfg = dict(axis=axis, num_devices=count, backend="gpu")
        first = sim.advance(
            state=_copy_state(state),
            num_steps=17,
            backend=backend,
            sharding=cfg,
            donate_state=True,
            performance=False,
        ).state
        actual = sim.advance(
            state=first,
            num_steps=31,
            backend=backend,
            sharding=cfg,
            donate_state=True,
            performance=False,
        ).state
        jax.block_until_ready(actual)
>       _assert_state_close(reference, actual)

tests/hardware/test_multi_gpu_capacity.py:64: 
_ _ _ _ _ _ _ _ _ _ _ _ _ _ _ _ _ _ _ _ _ _ _ _ _ _ _ _ _ _ _ _ _ _ _ _ _ _ _ _ 

reference = SimulationState(ex=Array([[[ 9.11055577e-06,  6.29445185e-06,  4.64620234e-06, ...,
          4.35123002e-06, -4.24569...=(), recorded_times=(), recorded_counts=(), t=Array(7.0254395e-15, dtype=float32), current_step=Array(48, dtype=int32))
actual = SimulationState(ex=Array([[[ 9.11055577e-06,  6.29445185e-06,  4.64620234e-06, ...,
          4.35123002e-06, -4.24569...=(), recorded_times=(), recorded_counts=(), t=Array(7.0254395e-15, dtype=float32), current_step=Array(48, dtype=int32))
dynamic_atol_scale = 1e-06

    def _assert_state_close(reference, actual, *, dynamic_atol_scale=1e-6):
        reference_leaves = jax.tree_util.tree_leaves(reference)
        actual_leaves = jax.tree_util.tree_leaves(actual)
        assert len(reference_leaves) == len(actual_leaves)
        for expected, observed in zip(reference_leaves, actual_leaves, strict=True):
            expected = np.asarray(expected)
            observed = np.asarray(observed)
            if expected.dtype.name == "bfloat16":
                # ml_dtypes BF16 is not classified as np.inexact by NumPy.
                expected = expected.astype(np.float32)
                observed = observed.astype(np.float32)
            if np.issubdtype(expected.dtype, np.inexact):
                # CPML memories span roughly five orders of magnitude. Near-zero
                # elements can differ by a few float32 ULPs even when the complete
                # recurrence agrees to sub-ppm scale, so keep the strict relative
                # check and derive an absolute floor from the leaf's dynamic range.
                scale = float(np.max(np.abs(expected), initial=0.0))
>               np.testing.assert_allclose(
                    observed,
                    expected,
                    rtol=3e-5,
                    atol=max(3e-6, dynamic_atol_scale * scale),
                )
E               AssertionError: 
E               Not equal to tolerance rtol=3e-05, atol=0.030626
E               
E               Mismatched elements: 1 / 146160 (0.000684%)
E               Mismatch at index:
E                [5, 7, 11]: 11.371203422546387 (ACTUAL), 11.4097900390625 (DESIRED)
E               Max absolute difference among violations: 0.03858662
E               Max relative difference among violations: 0.00338189
E                ACTUAL: array([[[ 2.925705e+02, -8.587482e+03, -2.577160e+03, ...,
E                         2.403871e+03, -3.341476e+03,  5.772864e+03],
E                       [ 2.180218e+04,  5.569347e+03, -6.815474e+02, ...,...
E                DESIRED: array([[[ 2.925709e+02, -8.587481e+03, -2.577161e+03, ...,
E                         2.403871e+03, -3.341477e+03,  5.772866e+03],
E                       [ 2.180218e+04,  5.569348e+03, -6.815499e+02, ...,...

tests/hardware/test_cuda_backends.py:431: AssertionError
=========================== short test summary info ============================
FAILED tests/hardware/test_multi_gpu_capacity.py::test_multi_gpu_continuation_matches_unsharded_jax[auto-jax-x]
FAILED tests/hardware/test_multi_gpu_capacity.py::test_multi_gpu_continuation_matches_unsharded_jax[auto-jax-z]
FAILED tests/hardware/test_multi_gpu_capacity.py::test_multi_gpu_continuation_matches_unsharded_jax[auto-cuda_streamed-x]
FAILED tests/hardware/test_multi_gpu_capacity.py::test_multi_gpu_continuation_matches_unsharded_jax[auto-cuda_streamed-z]
FAILED tests/hardware/test_multi_gpu_capacity.py::test_multi_gpu_continuation_matches_unsharded_jax[capacity-jax-x]
FAILED tests/hardware/test_multi_gpu_capacity.py::test_multi_gpu_continuation_matches_unsharded_jax[capacity-jax-z]
FAILED tests/hardware/test_multi_gpu_capacity.py::test_multi_gpu_continuation_matches_unsharded_jax[capacity-cuda_streamed-x]
FAILED tests/hardware/test_multi_gpu_capacity.py::test_multi_gpu_continuation_matches_unsharded_jax[capacity-cuda_streamed-z]
======================== 8 failed in 112.50s (0:01:52) =========================
