Traceback (most recent call last):
  File "/home/quentinwach/.t3/worktrees/beamz/t3code-e82e3371/scripts/benchmark_cuda_cpml_tiles.py", line 504, in <module>
    main()
  File "/home/quentinwach/.t3/worktrees/beamz/t3code-e82e3371/scripts/benchmark_cuda_cpml_tiles.py", line 409, in main
    worker(args, json.loads(args.worker))
  File "/home/quentinwach/.t3/worktrees/beamz/t3code-e82e3371/scripts/benchmark_cuda_cpml_tiles.py", line 284, in worker
    np.testing.assert_allclose(
  File "/home/quentinwach/Code/.venv-cuda-pr233/lib/python3.11/site-packages/numpy/testing/_private/utils.py", line 1768, in assert_allclose
    assert_array_compare(compare, actual, desired, err_msg=str(err_msg),
  File "/home/quentinwach/Code/.venv-cuda-pr233/lib/python3.11/site-packages/numpy/testing/_private/utils.py", line 983, in assert_array_compare
    raise AssertionError(msg)
AssertionError: 
Not equal to tolerance rtol=3e-05, atol=3.75775e-05

Mismatched elements: 2 / 1597440 (0.000125%)
Mismatch at indices:
 [511, 14, 13]: 0.43525955080986023 (ACTUAL), 0.43520835041999817 (DESIRED)
 [512, 14, 13]: -0.43525955080986023 (ACTUAL), -0.43520835041999817 (DESIRED)
Max absolute difference among violations: 5.120039e-05
Max relative difference among violations: 0.00011765
 ACTUAL: array([[[0., 0., 0., ..., 0., 0., 0.],
        [0., 0., 0., ..., 0., 0., 0.],
        [0., 0., 0., ..., 0., 0., 0.],...
 DESIRED: array([[[0., 0., 0., ..., 0., 0., 0.],
        [0., 0., 0., ..., 0., 0., 0.],
        [0., 0., 0., ..., 0., 0., 0.],...
