W0926 18:43:28.129684   13367 bfc_allocator.cc:502] Allocator (GPU_0_bfc) ran out of memory trying to allocate 2.69GiB (rounded to 2883718656)requested by op 
If the cause is memory fragmentation maybe the environment variable 'TF_GPU_ALLOCATOR=cuda_malloc_async' will improve the situation. 
Current allocation summary follows.
Current allocation summary follows.
W0926 18:43:28.130223   13367 bfc_allocator.cc:513] ******************___********__*****_****************************************__*********************
E0926 18:43:28.130269   13367 pjrt_stream_executor_client.cc:2111] Execution of replica 0 failed: RESOURCE_EXHAUSTED: Out of memory while trying to allocate 2.69GiB. [tf-allocator-allocation-error='']
Traceback (most recent call last):
  File "/workspace/beamz-h100/scripts/benchmark_modal_stepping.py", line 198, in <module>
    main()
  File "/workspace/beamz-h100/scripts/benchmark_modal_stepping.py", line 84, in main
    coeffs = sharding.place_tree(program, program.coefficients)
             ^^^^^^^^^^^^^^^^^^^^^^^^^^^^^^^^^^^^^^^^^^^^^^^^^^
  File "/workspace/beamz-h100/beamz/simulation/sharding.py", line 451, in place_tree
    return jax.tree_util.tree_map(
           ^^^^^^^^^^^^^^^^^^^^^^^
  File "/workspace/venv/lib/python3.12/site-packages/jax/_src/tree_util.py", line 369, in tree_map
    return treedef.unflatten(f(*xs) for xs in zip(*all_leaves))
           ^^^^^^^^^^^^^^^^^^^^^^^^^^^^^^^^^^^^^^^^^^^^^^^^^^^^
  File "/workspace/venv/lib/python3.12/site-packages/jax/_src/tree_util.py", line 369, in <genexpr>
    return treedef.unflatten(f(*xs) for xs in zip(*all_leaves))
                             ^^^^^^
  File "/workspace/beamz-h100/beamz/simulation/sharding.py", line 452, in <lambda>
    lambda value: _place_array(
                  ^^^^^^^^^^^^^
  File "/workspace/beamz-h100/beamz/simulation/sharding.py", line 478, in _place_array
    return jax.device_put(value, target)
           ^^^^^^^^^^^^^^^^^^^^^^^^^^^^^
  File "/workspace/venv/lib/python3.12/site-packages/jax/_src/api.py", line 2727, in device_put
    out_flat = dispatch._batched_device_put_impl(
               ^^^^^^^^^^^^^^^^^^^^^^^^^^^^^^^^^^
  File "/workspace/venv/lib/python3.12/site-packages/jax/_src/dispatch.py", line 606, in _batched_device_put_impl
    shard_arg_results = pxla.shard_args(dsa_shardings, [None] * len(dsa_xs),
                        ^^^^^^^^^^^^^^^^^^^^^^^^^^^^^^^^^^^^^^^^^^^^^^^^^^^^
  File "/workspace/venv/lib/python3.12/site-packages/jax/_src/profiler.py", line 359, in wrapper
    return func(*args, **kwargs)
           ^^^^^^^^^^^^^^^^^^^^^
  File "/workspace/venv/lib/python3.12/site-packages/jax/_src/interpreters/pxla.py", line 122, in shard_args
    return shard_arg_handlers[type(arg)]([arg], shardings, layouts,
           ^^^^^^^^^^^^^^^^^^^^^^^^^^^^^^^^^^^^^^^^^^^^^^^^^^^^^^^^
  File "/workspace/venv/lib/python3.12/site-packages/jax/_src/array.py", line 1268, in _array_shard_arg
    results.append(shard_device_array(x, devices, indices, sharding))
                   ^^^^^^^^^^^^^^^^^^^^^^^^^^^^^^^^^^^^^^^^^^^^^^^^^
  File "/workspace/venv/lib/python3.12/site-packages/jax/_src/array.py", line 1184, in shard_device_array
    shards = x._multi_slice(start_indices, limit_indices, removed_dims)
             ^^^^^^^^^^^^^^^^^^^^^^^^^^^^^^^^^^^^^^^^^^^^^^^^^^^^^^^^^^
ValueError: RESOURCE_EXHAUSTED: Out of memory while trying to allocate 2.69GiB.
