W0927 10:02:45.935979    2384 hlo_rematerialization.cc:3204] Can't reduce memory use below 68.05GiB (73065555259 bytes) by rematerialization; only reduced to 125.93GiB (135216086416 bytes), down from 125.93GiB (135216086420 bytes) originally
W0927 10:02:56.008071    2867 bfc_allocator.cc:502] Allocator (GPU_2_bfc) ran out of memory trying to allocate 55.97GiB (rounded to 60096038912)requested by op 
If the cause is memory fragmentation maybe the environment variable 'TF_GPU_ALLOCATOR=cuda_malloc_async' will improve the situation. 
Current allocation summary follows.
Current allocation summary follows.
W0927 10:02:56.008179    2870 bfc_allocator.cc:502] Allocator (GPU_3_bfc) ran out of memory trying to allocate 55.97GiB (rounded to 60096038912)requested by op 
If the cause is memory fragmentation maybe the environment variable 'TF_GPU_ALLOCATOR=cuda_malloc_async' will improve the situation. 
Current allocation summary follows.
Current allocation summary follows.
W0927 10:02:56.008259    2876 bfc_allocator.cc:502] Allocator (GPU_5_bfc) ran out of memory trying to allocate 55.97GiB (rounded to 60096038912)requested by op 
If the cause is memory fragmentation maybe the environment variable 'TF_GPU_ALLOCATOR=cuda_malloc_async' will improve the situation. 
Current allocation summary follows.
Current allocation summary follows.
W0927 10:02:56.008377    2867 bfc_allocator.cc:513] ***************************************************************_____________________________________
W0927 10:02:56.008329    2873 bfc_allocator.cc:502] Allocator (GPU_4_bfc) ran out of memory trying to allocate 55.97GiB (rounded to 60096038912)requested by op 
If the cause is memory fragmentation maybe the environment variable 'TF_GPU_ALLOCATOR=cuda_malloc_async' will improve the situation. 
Current allocation summary follows.
Current allocation summary follows.
E0927 10:02:56.008408    2867 pjrt_stream_executor_client.cc:2111] Execution of replica 0 failed: RESOURCE_EXHAUSTED: Out of memory while trying to allocate 55.97GiB. [tf-allocator-allocation-error='']
W0927 10:02:56.008464    2870 bfc_allocator.cc:513] ***************************************************************_____________________________________
E0927 10:02:56.008492    2870 pjrt_stream_executor_client.cc:2111] Execution of replica 0 failed: RESOURCE_EXHAUSTED: Out of memory while trying to allocate 55.97GiB. [tf-allocator-allocation-error='']
W0927 10:02:56.008524    2876 bfc_allocator.cc:513] ***************************************************************_____________________________________
E0927 10:02:56.008551    2876 pjrt_stream_executor_client.cc:2111] Execution of replica 0 failed: RESOURCE_EXHAUSTED: Out of memory while trying to allocate 55.97GiB. [tf-allocator-allocation-error='']
W0927 10:02:56.008494    2864 bfc_allocator.cc:502] Allocator (GPU_1_bfc) ran out of memory trying to allocate 55.97GiB (rounded to 60096038912)requested by op 
If the cause is memory fragmentation maybe the environment variable 'TF_GPU_ALLOCATOR=cuda_malloc_async' will improve the situation. 
Current allocation summary follows.
Current allocation summary follows.
W0927 10:02:56.008587    2873 bfc_allocator.cc:513] ***************************************************************_____________________________________
E0927 10:02:56.008631    2873 pjrt_stream_executor_client.cc:2111] Execution of replica 0 failed: RESOURCE_EXHAUSTED: Out of memory while trying to allocate 55.97GiB. [tf-allocator-allocation-error='']
W0927 10:02:56.008568    2882 bfc_allocator.cc:502] Allocator (GPU_7_bfc) ran out of memory trying to allocate 55.97GiB (rounded to 60096038912)requested by op 
If the cause is memory fragmentation maybe the environment variable 'TF_GPU_ALLOCATOR=cuda_malloc_async' will improve the situation. 
Current allocation summary follows.
Current allocation summary follows.
W0927 10:02:56.008770    2864 bfc_allocator.cc:513] ***************************************************************_____________________________________
E0927 10:02:56.008798    2864 pjrt_stream_executor_client.cc:2111] Execution of replica 0 failed: RESOURCE_EXHAUSTED: Out of memory while trying to allocate 55.97GiB. [tf-allocator-allocation-error='']
W0927 10:02:56.008718    2861 bfc_allocator.cc:502] Allocator (GPU_0_bfc) ran out of memory trying to allocate 55.97GiB (rounded to 60096038912)requested by op 
If the cause is memory fragmentation maybe the environment variable 'TF_GPU_ALLOCATOR=cuda_malloc_async' will improve the situation. 
Current allocation summary follows.
Current allocation summary follows.
W0927 10:02:56.008896    2882 bfc_allocator.cc:513] ***************************************************************_____________________________________
E0927 10:02:56.008930    2882 pjrt_stream_executor_client.cc:2111] Execution of replica 0 failed: RESOURCE_EXHAUSTED: Out of memory while trying to allocate 55.97GiB. [tf-allocator-allocation-error='']
W0927 10:02:56.008893    2879 bfc_allocator.cc:502] Allocator (GPU_6_bfc) ran out of memory trying to allocate 55.97GiB (rounded to 60096038912)requested by op 
If the cause is memory fragmentation maybe the environment variable 'TF_GPU_ALLOCATOR=cuda_malloc_async' will improve the situation. 
Current allocation summary follows.
Current allocation summary follows.
W0927 10:02:56.009081    2861 bfc_allocator.cc:513] ***************************************************************_____________________________________
E0927 10:02:56.009118    2861 pjrt_stream_executor_client.cc:2111] Execution of replica 0 failed: RESOURCE_EXHAUSTED: Out of memory while trying to allocate 55.97GiB. [tf-allocator-allocation-error='']
W0927 10:02:56.009142    2879 bfc_allocator.cc:513] ***************************************************************_____________________________________
E0927 10:02:56.009166    2879 pjrt_stream_executor_client.cc:2111] Execution of replica 0 failed: RESOURCE_EXHAUSTED: Out of memory while trying to allocate 55.97GiB. [tf-allocator-allocation-error='']
{"stage": "prepare_failed", "seconds": 24.816026867367327, "max_rss_bytes": 22297165824, "gpu": {"num_allocs": 38, "bytes_in_use": 47403149056, "peak_bytes_in_use": 47475208704, "largest_alloc_size": 7518264832, "bytes_limit": 76515742126, "bytes_reserved": 0, "peak_bytes_reserved": 0, "largest_free_block_bytes": 0, "pool_bytes": 76515741952, "peak_pool_bytes": 76515741952}, "gpus": [{"id": 0, "stats": {"num_allocs": 38, "bytes_in_use": 47403149056, "peak_bytes_in_use": 47475208704, "largest_alloc_size": 7518264832, "bytes_limit": 76515742126, "bytes_reserved": 0, "peak_bytes_reserved": 0, "largest_free_block_bytes": 0, "pool_bytes": 76515741952, "peak_pool_bytes": 76515741952}}, {"id": 1, "stats": {"num_allocs": 38, "bytes_in_use": 47403149056, "peak_bytes_in_use": 47475208704, "largest_alloc_size": 7518264832, "bytes_limit": 76515742126, "bytes_reserved": 0, "peak_bytes_reserved": 0, "largest_free_block_bytes": 0, "pool_bytes": 76515741952, "peak_pool_bytes": 76515741952}}, {"id": 2, "stats": {"num_allocs": 38, "bytes_in_use": 47403149056, "peak_bytes_in_use": 47475208704, "largest_alloc_size": 7518264832, "bytes_limit": 76515742126, "bytes_reserved": 0, "peak_bytes_reserved": 0, "largest_free_block_bytes": 0, "pool_bytes": 76515741952, "peak_pool_bytes": 76515741952}}, {"id": 3, "stats": {"num_allocs": 38, "bytes_in_use": 47403149056, "peak_bytes_in_use": 47475208704, "largest_alloc_size": 7518264832, "bytes_limit": 76515742126, "bytes_reserved": 0, "peak_bytes_reserved": 0, "largest_free_block_bytes": 0, "pool_bytes": 76515741952, "peak_pool_bytes": 76515741952}}, {"id": 4, "stats": {"num_allocs": 38, "bytes_in_use": 47403149056, "peak_bytes_in_use": 47475208704, "largest_alloc_size": 7518264832, "bytes_limit": 76515742126, "bytes_reserved": 0, "peak_bytes_reserved": 0, "largest_free_block_bytes": 0, "pool_bytes": 76515741952, "peak_pool_bytes": 76515741952}}, {"id": 5, "stats": {"num_allocs": 38, "bytes_in_use": 47403149056, "peak_bytes_in_use": 47475208704, "largest_alloc_size": 7518264832, "bytes_limit": 76515742126, "bytes_reserved": 0, "peak_bytes_reserved": 0, "largest_free_block_bytes": 0, "pool_bytes": 76515741952, "peak_pool_bytes": 76515741952}}, {"id": 6, "stats": {"num_allocs": 38, "bytes_in_use": 47403149056, "peak_bytes_in_use": 47475208704, "largest_alloc_size": 7518264832, "bytes_limit": 76515742126, "bytes_reserved": 0, "peak_bytes_reserved": 0, "largest_free_block_bytes": 0, "pool_bytes": 76515741952, "peak_pool_bytes": 76515741952}}, {"id": 7, "stats": {"num_allocs": 38, "bytes_in_use": 47403149056, "peak_bytes_in_use": 47475208704, "largest_alloc_size": 7518264832, "bytes_limit": 76515742126, "bytes_reserved": 0, "peak_bytes_reserved": 0, "largest_free_block_bytes": 0, "pool_bytes": 76515741952, "peak_pool_bytes": 76515741952}}]}
Traceback (most recent call last):
  File "/workspace/fixed/scripts/benchmark_compile_capacity.py", line 409, in <module>
    main()
  File "/workspace/fixed/scripts/benchmark_compile_capacity.py", line 304, in main
    program, state, coeffs = prepare(args, device)
                             ^^^^^^^^^^^^^^^^^^^^^
  File "/workspace/fixed/scripts/benchmark_compile_capacity.py", line 199, in prepare
    state = state._replace(ex=seed(state.ex))
                              ^^^^^^^^^^^^^^
jax.errors.JaxRuntimeError: RESOURCE_EXHAUSTED: Out of memory while trying to allocate 55.97GiB.: while running replica 0 and partition 0 of a replicated computation (other replicas may have failed as well).
--------------------
For simplicity, JAX has removed its internal frames from the traceback of the following exception. Set JAX_TRACEBACK_FILTERING=off to include these.
