W0927 10:03:18.560826    3457 hlo_rematerialization.cc:3204] Can't reduce memory use below 68.05GiB (73065555259 bytes) by rematerialization; only reduced to 125.93GiB (135216086416 bytes), down from 125.93GiB (135216086420 bytes) originally
W0927 10:03:28.634746    3935 bfc_allocator.cc:502] Allocator (GPU_1_bfc) ran out of memory trying to allocate 55.97GiB (rounded to 60096038912)requested by op 
If the cause is memory fragmentation maybe the environment variable 'TF_GPU_ALLOCATOR=cuda_malloc_async' will improve the situation. 
Current allocation summary follows.
Current allocation summary follows.
W0927 10:03:28.634903    3944 bfc_allocator.cc:502] Allocator (GPU_4_bfc) ran out of memory trying to allocate 55.97GiB (rounded to 60096038912)requested by op 
If the cause is memory fragmentation maybe the environment variable 'TF_GPU_ALLOCATOR=cuda_malloc_async' will improve the situation. 
Current allocation summary follows.
Current allocation summary follows.
W0927 10:03:28.635003    3950 bfc_allocator.cc:502] Allocator (GPU_6_bfc) ran out of memory trying to allocate 55.97GiB (rounded to 60096038912)requested by op 
If the cause is memory fragmentation maybe the environment variable 'TF_GPU_ALLOCATOR=cuda_malloc_async' will improve the situation. 
Current allocation summary follows.
Current allocation summary follows.
W0927 10:03:28.635114    3935 bfc_allocator.cc:513] ***************************************************************_____________________________________
E0927 10:03:28.635145    3935 pjrt_stream_executor_client.cc:2111] Execution of replica 0 failed: RESOURCE_EXHAUSTED: Out of memory while trying to allocate 55.97GiB. [tf-allocator-allocation-error='']
W0927 10:03:28.635209    3944 bfc_allocator.cc:513] ***************************************************************_____________________________________
W0927 10:03:28.635146    3941 bfc_allocator.cc:502] Allocator (GPU_3_bfc) ran out of memory trying to allocate 55.97GiB (rounded to 60096038912)requested by op 
If the cause is memory fragmentation maybe the environment variable 'TF_GPU_ALLOCATOR=cuda_malloc_async' will improve the situation. 
Current allocation summary follows.
Current allocation summary follows.
E0927 10:03:28.635236    3944 pjrt_stream_executor_client.cc:2111] Execution of replica 0 failed: RESOURCE_EXHAUSTED: Out of memory while trying to allocate 55.97GiB. [tf-allocator-allocation-error='']
W0927 10:03:28.635255    3950 bfc_allocator.cc:513] ***************************************************************_____________________________________
E0927 10:03:28.635316    3950 pjrt_stream_executor_client.cc:2111] Execution of replica 0 failed: RESOURCE_EXHAUSTED: Out of memory while trying to allocate 55.97GiB. [tf-allocator-allocation-error='']
W0927 10:03:28.635267    3938 bfc_allocator.cc:502] Allocator (GPU_2_bfc) ran out of memory trying to allocate 55.97GiB (rounded to 60096038912)requested by op 
If the cause is memory fragmentation maybe the environment variable 'TF_GPU_ALLOCATOR=cuda_malloc_async' will improve the situation. 
Current allocation summary follows.
Current allocation summary follows.
W0927 10:03:28.635438    3941 bfc_allocator.cc:513] ***************************************************************_____________________________________
E0927 10:03:28.635466    3941 pjrt_stream_executor_client.cc:2111] Execution of replica 0 failed: RESOURCE_EXHAUSTED: Out of memory while trying to allocate 55.97GiB. [tf-allocator-allocation-error='']
W0927 10:03:28.635458    3932 bfc_allocator.cc:502] Allocator (GPU_0_bfc) ran out of memory trying to allocate 55.97GiB (rounded to 60096038912)requested by op 
If the cause is memory fragmentation maybe the environment variable 'TF_GPU_ALLOCATOR=cuda_malloc_async' will improve the situation. 
Current allocation summary follows.
Current allocation summary follows.
W0927 10:03:28.635593    3938 bfc_allocator.cc:513] ***************************************************************_____________________________________
W0927 10:03:28.635548    3953 bfc_allocator.cc:502] Allocator (GPU_7_bfc) ran out of memory trying to allocate 55.97GiB (rounded to 60096038912)requested by op 
If the cause is memory fragmentation maybe the environment variable 'TF_GPU_ALLOCATOR=cuda_malloc_async' will improve the situation. 
Current allocation summary follows.
Current allocation summary follows.
E0927 10:03:28.635627    3938 pjrt_stream_executor_client.cc:2111] Execution of replica 0 failed: RESOURCE_EXHAUSTED: Out of memory while trying to allocate 55.97GiB. [tf-allocator-allocation-error='']
W0927 10:03:28.635753    3932 bfc_allocator.cc:513] ***************************************************************_____________________________________
E0927 10:03:28.635790    3932 pjrt_stream_executor_client.cc:2111] Execution of replica 0 failed: RESOURCE_EXHAUSTED: Out of memory while trying to allocate 55.97GiB. [tf-allocator-allocation-error='']
W0927 10:03:28.635881    3953 bfc_allocator.cc:513] ***************************************************************_____________________________________
W0927 10:03:28.635822    3947 bfc_allocator.cc:502] Allocator (GPU_5_bfc) ran out of memory trying to allocate 55.97GiB (rounded to 60096038912)requested by op 
If the cause is memory fragmentation maybe the environment variable 'TF_GPU_ALLOCATOR=cuda_malloc_async' will improve the situation. 
Current allocation summary follows.
Current allocation summary follows.
E0927 10:03:28.635927    3953 pjrt_stream_executor_client.cc:2111] Execution of replica 0 failed: RESOURCE_EXHAUSTED: Out of memory while trying to allocate 55.97GiB. [tf-allocator-allocation-error='']
W0927 10:03:28.636115    3947 bfc_allocator.cc:513] ***************************************************************_____________________________________
E0927 10:03:28.636140    3947 pjrt_stream_executor_client.cc:2111] Execution of replica 0 failed: RESOURCE_EXHAUSTED: Out of memory while trying to allocate 55.97GiB. [tf-allocator-allocation-error='']
{"stage": "prepare_failed", "seconds": 24.691192278638482, "max_rss_bytes": 22291447808, "gpu": {"num_allocs": 38, "bytes_in_use": 47403149056, "peak_bytes_in_use": 47475208704, "largest_alloc_size": 7518264832, "bytes_limit": 76515742126, "bytes_reserved": 0, "peak_bytes_reserved": 0, "largest_free_block_bytes": 0, "pool_bytes": 76515741952, "peak_pool_bytes": 76515741952}, "gpus": [{"id": 0, "stats": {"num_allocs": 38, "bytes_in_use": 47403149056, "peak_bytes_in_use": 47475208704, "largest_alloc_size": 7518264832, "bytes_limit": 76515742126, "bytes_reserved": 0, "peak_bytes_reserved": 0, "largest_free_block_bytes": 0, "pool_bytes": 76515741952, "peak_pool_bytes": 76515741952}}, {"id": 1, "stats": {"num_allocs": 38, "bytes_in_use": 47403149056, "peak_bytes_in_use": 47475208704, "largest_alloc_size": 7518264832, "bytes_limit": 76515742126, "bytes_reserved": 0, "peak_bytes_reserved": 0, "largest_free_block_bytes": 0, "pool_bytes": 76515741952, "peak_pool_bytes": 76515741952}}, {"id": 2, "stats": {"num_allocs": 38, "bytes_in_use": 47403149056, "peak_bytes_in_use": 47475208704, "largest_alloc_size": 7518264832, "bytes_limit": 76515742126, "bytes_reserved": 0, "peak_bytes_reserved": 0, "largest_free_block_bytes": 0, "pool_bytes": 76515741952, "peak_pool_bytes": 76515741952}}, {"id": 3, "stats": {"num_allocs": 38, "bytes_in_use": 47403149056, "peak_bytes_in_use": 47475208704, "largest_alloc_size": 7518264832, "bytes_limit": 76515742126, "bytes_reserved": 0, "peak_bytes_reserved": 0, "largest_free_block_bytes": 0, "pool_bytes": 76515741952, "peak_pool_bytes": 76515741952}}, {"id": 4, "stats": {"num_allocs": 38, "bytes_in_use": 47403149056, "peak_bytes_in_use": 47475208704, "largest_alloc_size": 7518264832, "bytes_limit": 76515742126, "bytes_reserved": 0, "peak_bytes_reserved": 0, "largest_free_block_bytes": 0, "pool_bytes": 76515741952, "peak_pool_bytes": 76515741952}}, {"id": 5, "stats": {"num_allocs": 38, "bytes_in_use": 47403149056, "peak_bytes_in_use": 47475208704, "largest_alloc_size": 7518264832, "bytes_limit": 76515742126, "bytes_reserved": 0, "peak_bytes_reserved": 0, "largest_free_block_bytes": 0, "pool_bytes": 76515741952, "peak_pool_bytes": 76515741952}}, {"id": 6, "stats": {"num_allocs": 38, "bytes_in_use": 47403149056, "peak_bytes_in_use": 47475208704, "largest_alloc_size": 7518264832, "bytes_limit": 76515742126, "bytes_reserved": 0, "peak_bytes_reserved": 0, "largest_free_block_bytes": 0, "pool_bytes": 76515741952, "peak_pool_bytes": 76515741952}}, {"id": 7, "stats": {"num_allocs": 38, "bytes_in_use": 47403149056, "peak_bytes_in_use": 47475208704, "largest_alloc_size": 7518264832, "bytes_limit": 76515742126, "bytes_reserved": 0, "peak_bytes_reserved": 0, "largest_free_block_bytes": 0, "pool_bytes": 76515741952, "peak_pool_bytes": 76515741952}}]}
Traceback (most recent call last):
  File "/workspace/fixed/scripts/benchmark_compile_capacity.py", line 409, in <module>
    main()
  File "/workspace/fixed/scripts/benchmark_compile_capacity.py", line 304, in main
    program, state, coeffs = prepare(args, device)
                             ^^^^^^^^^^^^^^^^^^^^^
  File "/workspace/fixed/scripts/benchmark_compile_capacity.py", line 199, in prepare
    state = state._replace(ex=seed(state.ex))
                              ^^^^^^^^^^^^^^
jax.errors.JaxRuntimeError: RESOURCE_EXHAUSTED: Out of memory while trying to allocate 55.97GiB.: while running replica 0 and partition 0 of a replicated computation (other replicas may have failed as well).
--------------------
For simplicity, JAX has removed its internal frames from the traceback of the following exception. Set JAX_TRACEBACK_FILTERING=off to include these.
