Using Python 3.12.3 environment at: /workspace/venv
Resolved 49 packages in 1.13s
Downloading pillow (6.6MiB)
Downloading networkx (2.0MiB)
Downloading kiwisolver (1.4MiB)
Downloading pygments (1.2MiB)
Downloading xarray (1.4MiB)
Downloading shapely (3.0MiB)
Downloading jax (2.8MiB)
Downloading jax-cuda12-pjrt (147.7MiB)
Downloading nvidia-nvshmem-cu12 (267.8MiB)
Downloading jax-cuda12-plugin (5.4MiB)
Downloading jaxlib (76.6MiB)
Downloading nvidia-cudnn-cu12 (734.8MiB)
Downloading hypothesis (1.1MiB)
Downloading scikit-image (12.9MiB)
Downloading pandas (10.3MiB)
Downloading matplotlib (9.4MiB)
Downloading nvidia-cuda-runtime-cu12 (3.3MiB)
Downloading numpy (15.9MiB)
Downloading nvidia-cublas-cu12 (554.3MiB)
Downloading scipy (33.7MiB)
Downloading nvidia-cuda-cccl-cu12 (3.0MiB)
Downloading nvidia-cusparse-cu12 (349.5MiB)
Downloading nvidia-cuda-nvcc-cu12 (38.7MiB)
Downloading nvidia-nccl-cu12 (335.2MiB)
Downloading nvidia-cufft-cu12 (191.6MiB)
Downloading nvidia-cuda-cupti-cu12 (10.3MiB)
Downloading fonttools (5.1MiB)
Downloading nvidia-cuda-nvrtc-cu12 (85.4MiB)
Downloading nvidia-nvjitlink-cu12 (37.9MiB)
Downloading nvidia-cusolver-cu12 (322.5MiB)
 Downloaded hypothesis
 Downloaded pygments
 Downloaded xarray
 Downloaded kiwisolver
 Downloaded networkx
 Downloaded jax
 Downloaded shapely
 Downloaded nvidia-cuda-cccl-cu12
 Downloaded nvidia-cuda-runtime-cu12
 Downloaded fonttools
 Downloaded jax-cuda12-plugin
 Downloaded pillow
 Downloaded matplotlib
 Downloaded nvidia-cuda-cupti-cu12
 Downloaded pandas
 Downloaded scikit-image
 Downloaded numpy
 Downloaded scipy
 Downloaded nvidia-nvjitlink-cu12
 Downloaded nvidia-cuda-nvcc-cu12
 Downloaded jaxlib
 Downloaded nvidia-cuda-nvrtc-cu12
 Downloaded jax-cuda12-pjrt
 Downloaded nvidia-cufft-cu12
 Downloaded nvidia-nvshmem-cu12
 Downloaded nvidia-cusolver-cu12
 Downloaded nvidia-nccl-cu12
 Downloaded nvidia-cusparse-cu12
 Downloaded nvidia-cublas-cu12
 Downloaded nvidia-cudnn-cu12
Prepared 49 packages in 11.04s
Installed 49 packages in 207ms
 + absl-py==2.5.0
 + contourpy==1.4.0
 + coverage==7.16.1
 + cycler==0.12.1
 + fonttools==4.66.0
 + hypothesis==6.168.2
 + imageio==2.37.4
 + iniconfig==2.3.0
 + jax==0.9.0
 + jax-cuda12-pjrt==0.9.0
 + jax-cuda12-plugin==0.9.0
 + jaxlib==0.9.0
 + kiwisolver==1.5.1
 + lazy-loader==0.6
 + matplotlib==3.11.2
 + ml-dtypes==0.6.0
 + networkx==3.7
 + numpy==2.5.3
 + nvidia-cublas-cu12==12.9.2.10
 + nvidia-cuda-cccl-cu12==12.9.27
 + nvidia-cuda-cupti-cu12==12.9.79
 + nvidia-cuda-nvcc-cu12==12.9.86
 + nvidia-cuda-nvrtc-cu12==12.9.86
 + nvidia-cuda-runtime-cu12==12.9.79
 + nvidia-cudnn-cu12==9.26.0.51
 + nvidia-cufft-cu12==11.4.1.4
 + nvidia-cusolver-cu12==11.7.5.82
 + nvidia-cusparse-cu12==12.5.10.65
 + nvidia-nccl-cu12==2.32.3
 + nvidia-nvjitlink-cu12==12.9.86
 + nvidia-nvshmem-cu12==3.8.0
 + opt-einsum==3.4.0
 + optax==0.2.8
 + packaging==26.3
 + pandas==3.0.6
 + pillow==12.3.0
 + pluggy==1.6.0
 + pygments==2.21.0
 + pyparsing==3.3.3
 + pytest==9.1.1
 + pytest-cov==7.1.0
 + python-dateutil==2.9.0.post0
 + scikit-image==0.26.0
 + scipy==1.18.1
 + shapely==2.1.2
 + six==1.17.0
 + sortedcontainers==2.4.0
 + tifffile==2026.9.20
 + xarray==2026.7.0
Using Python 3.12.3 environment at: /workspace/venv
Resolved 1 package in 2ms
Prepared 1 package in 169ms
Installed 1 package in 6ms
 + beamz-cuda-component==0.21.0 (from file:///workspace/beamz_cuda_component-0.21.0-cp312-cp312-linux_x86_64.whl)
0.9.0 [CudaDevice(id=0), CudaDevice(id=1), CudaDevice(id=2), CudaDevice(id=3), CudaDevice(id=4), CudaDevice(id=5), CudaDevice(id=6), CudaDevice(id=7)]
NATIVE_SHA256 6753641e1a682751ad00c10abda53bd4cd33fd3569ccf048baea018bb94be00d
START prepared-eight-z-15b-baseline 2026-09-27T10:02:26.149232+00:00
DONE {'name': 'prepared-eight-z-15b-baseline', 'command': ['/workspace/venv/bin/python', '/workspace/fixed/scripts/benchmark_compile_capacity.py', '--shape', '10000', '1250', '1200', '--devices', '8', '--axis', 'z', '--backend', 'cuda_streamed', '--steps', '32', '--samples', '3', '--output', '/workspace/evidence/prepared-eight-z-15b-baseline.json'], 'revision': 'baseline', 'devices': 8, 'seconds': 33.1080436706543, 'returncode': 1}
START prepared-eight-z-15b-fixed 2026-09-27T10:02:59.258533+00:00
DONE {'name': 'prepared-eight-z-15b-fixed', 'command': ['/workspace/venv/bin/python', '/workspace/fixed/scripts/benchmark_compile_capacity.py', '--shape', '10000', '1250', '1200', '--devices', '8', '--axis', 'z', '--backend', 'cuda_streamed', '--steps', '32', '--samples', '3', '--output', '/workspace/evidence/prepared-eight-z-15b-fixed.json'], 'revision': 'fixed', 'devices': 8, 'seconds': 32.558226346969604, 'returncode': 1}
fixed 15B prepared failed
