W0927 10:04:57.389632    4574 hlo_rematerialization.cc:3204] Can't reduce memory use below 68.05GiB (73065555259 bytes) by rematerialization; only reduced to 125.93GiB (135216086416 bytes), down from 125.93GiB (135216086420 bytes) originally
W0927 10:05:07.461592    5052 bfc_allocator.cc:502] Allocator (GPU_1_bfc) ran out of memory trying to allocate 55.97GiB (rounded to 60096038912)requested by op 
If the cause is memory fragmentation maybe the environment variable 'TF_GPU_ALLOCATOR=cuda_malloc_async' will improve the situation. 
Current allocation summary follows.
Current allocation summary follows.
W0927 10:05:07.461697    5055 bfc_allocator.cc:502] Allocator (GPU_2_bfc) ran out of memory trying to allocate 55.97GiB (rounded to 60096038912)requested by op 
If the cause is memory fragmentation maybe the environment variable 'TF_GPU_ALLOCATOR=cuda_malloc_async' will improve the situation. 
Current allocation summary follows.
Current allocation summary follows.
W0927 10:05:07.461920    5064 bfc_allocator.cc:502] Allocator (GPU_5_bfc) ran out of memory trying to allocate 55.97GiB (rounded to 60096038912)requested by op 
If the cause is memory fragmentation maybe the environment variable 'TF_GPU_ALLOCATOR=cuda_malloc_async' will improve the situation. 
Current allocation summary follows.
Current allocation summary follows.
W0927 10:05:07.462046    5052 bfc_allocator.cc:513] ***************************************************************_____________________________________
E0927 10:05:07.462141    5052 pjrt_stream_executor_client.cc:2111] Execution of replica 0 failed: RESOURCE_EXHAUSTED: Out of memory while trying to allocate 55.97GiB. [tf-allocator-allocation-error='']
W0927 10:05:07.462134    5055 bfc_allocator.cc:513] ***************************************************************_____________________________________
E0927 10:05:07.462188    5055 pjrt_stream_executor_client.cc:2111] Execution of replica 0 failed: RESOURCE_EXHAUSTED: Out of memory while trying to allocate 55.97GiB. [tf-allocator-allocation-error='']
W0927 10:05:07.462104    5061 bfc_allocator.cc:502] Allocator (GPU_4_bfc) ran out of memory trying to allocate 55.97GiB (rounded to 60096038912)requested by op 
If the cause is memory fragmentation maybe the environment variable 'TF_GPU_ALLOCATOR=cuda_malloc_async' will improve the situation. 
Current allocation summary follows.
Current allocation summary follows.
W0927 10:05:07.462197    5070 bfc_allocator.cc:502] Allocator (GPU_7_bfc) ran out of memory trying to allocate 55.97GiB (rounded to 60096038912)requested by op 
If the cause is memory fragmentation maybe the environment variable 'TF_GPU_ALLOCATOR=cuda_malloc_async' will improve the situation. 
Current allocation summary follows.
Current allocation summary follows.
W0927 10:05:07.462276    5064 bfc_allocator.cc:513] ***************************************************************_____________________________________
E0927 10:05:07.462306    5064 pjrt_stream_executor_client.cc:2111] Execution of replica 0 failed: RESOURCE_EXHAUSTED: Out of memory while trying to allocate 55.97GiB. [tf-allocator-allocation-error='']
W0927 10:05:07.462433    5061 bfc_allocator.cc:513] ***************************************************************_____________________________________
W0927 10:05:07.462374    5049 bfc_allocator.cc:502] Allocator (GPU_0_bfc) ran out of memory trying to allocate 55.97GiB (rounded to 60096038912)requested by op 
If the cause is memory fragmentation maybe the environment variable 'TF_GPU_ALLOCATOR=cuda_malloc_async' will improve the situation. 
Current allocation summary follows.
Current allocation summary follows.
E0927 10:05:07.462463    5061 pjrt_stream_executor_client.cc:2111] Execution of replica 0 failed: RESOURCE_EXHAUSTED: Out of memory while trying to allocate 55.97GiB. [tf-allocator-allocation-error='']
W0927 10:05:07.462471    5070 bfc_allocator.cc:513] ***************************************************************_____________________________________
E0927 10:05:07.462553    5070 pjrt_stream_executor_client.cc:2111] Execution of replica 0 failed: RESOURCE_EXHAUSTED: Out of memory while trying to allocate 55.97GiB. [tf-allocator-allocation-error='']
W0927 10:05:07.462508    5067 bfc_allocator.cc:502] Allocator (GPU_6_bfc) ran out of memory trying to allocate 55.97GiB (rounded to 60096038912)requested by op 
If the cause is memory fragmentation maybe the environment variable 'TF_GPU_ALLOCATOR=cuda_malloc_async' will improve the situation. 
Current allocation summary follows.
Current allocation summary follows.
W0927 10:05:07.462689    5049 bfc_allocator.cc:513] ***************************************************************_____________________________________
E0927 10:05:07.462724    5049 pjrt_stream_executor_client.cc:2111] Execution of replica 0 failed: RESOURCE_EXHAUSTED: Out of memory while trying to allocate 55.97GiB. [tf-allocator-allocation-error='']
W0927 10:05:07.462680    5058 bfc_allocator.cc:502] Allocator (GPU_3_bfc) ran out of memory trying to allocate 55.97GiB (rounded to 60096038912)requested by op 
If the cause is memory fragmentation maybe the environment variable 'TF_GPU_ALLOCATOR=cuda_malloc_async' will improve the situation. 
Current allocation summary follows.
Current allocation summary follows.
W0927 10:05:07.462843    5067 bfc_allocator.cc:513] ***************************************************************_____________________________________
E0927 10:05:07.462895    5067 pjrt_stream_executor_client.cc:2111] Execution of replica 0 failed: RESOURCE_EXHAUSTED: Out of memory while trying to allocate 55.97GiB. [tf-allocator-allocation-error='']
W0927 10:05:07.463045    5058 bfc_allocator.cc:513] ***************************************************************_____________________________________
E0927 10:05:07.463079    5058 pjrt_stream_executor_client.cc:2111] Execution of replica 0 failed: RESOURCE_EXHAUSTED: Out of memory while trying to allocate 55.97GiB. [tf-allocator-allocation-error='']
{"stage": "prepare_failed", "seconds": 24.883124883286655, "max_rss_bytes": 22292975616, "gpu": {"num_allocs": 38, "bytes_in_use": 47403149056, "peak_bytes_in_use": 47475208704, "largest_alloc_size": 7518264832, "bytes_limit": 76515742126, "bytes_reserved": 0, "peak_bytes_reserved": 0, "largest_free_block_bytes": 0, "pool_bytes": 76515741952, "peak_pool_bytes": 76515741952}, "gpus": [{"id": 0, "stats": {"num_allocs": 38, "bytes_in_use": 47403149056, "peak_bytes_in_use": 47475208704, "largest_alloc_size": 7518264832, "bytes_limit": 76515742126, "bytes_reserved": 0, "peak_bytes_reserved": 0, "largest_free_block_bytes": 0, "pool_bytes": 76515741952, "peak_pool_bytes": 76515741952}}, {"id": 1, "stats": {"num_allocs": 38, "bytes_in_use": 47403149056, "peak_bytes_in_use": 47475208704, "largest_alloc_size": 7518264832, "bytes_limit": 76515742126, "bytes_reserved": 0, "peak_bytes_reserved": 0, "largest_free_block_bytes": 0, "pool_bytes": 76515741952, "peak_pool_bytes": 76515741952}}, {"id": 2, "stats": {"num_allocs": 38, "bytes_in_use": 47403149056, "peak_bytes_in_use": 47475208704, "largest_alloc_size": 7518264832, "bytes_limit": 76515742126, "bytes_reserved": 0, "peak_bytes_reserved": 0, "largest_free_block_bytes": 0, "pool_bytes": 76515741952, "peak_pool_bytes": 76515741952}}, {"id": 3, "stats": {"num_allocs": 38, "bytes_in_use": 47403149056, "peak_bytes_in_use": 47475208704, "largest_alloc_size": 7518264832, "bytes_limit": 76515742126, "bytes_reserved": 0, "peak_bytes_reserved": 0, "largest_free_block_bytes": 0, "pool_bytes": 76515741952, "peak_pool_bytes": 76515741952}}, {"id": 4, "stats": {"num_allocs": 38, "bytes_in_use": 47403149056, "peak_bytes_in_use": 47475208704, "largest_alloc_size": 7518264832, "bytes_limit": 76515742126, "bytes_reserved": 0, "peak_bytes_reserved": 0, "largest_free_block_bytes": 0, "pool_bytes": 76515741952, "peak_pool_bytes": 76515741952}}, {"id": 5, "stats": {"num_allocs": 38, "bytes_in_use": 47403149056, "peak_bytes_in_use": 47475208704, "largest_alloc_size": 7518264832, "bytes_limit": 76515742126, "bytes_reserved": 0, "peak_bytes_reserved": 0, "largest_free_block_bytes": 0, "pool_bytes": 76515741952, "peak_pool_bytes": 76515741952}}, {"id": 6, "stats": {"num_allocs": 38, "bytes_in_use": 47403149056, "peak_bytes_in_use": 47475208704, "largest_alloc_size": 7518264832, "bytes_limit": 76515742126, "bytes_reserved": 0, "peak_bytes_reserved": 0, "largest_free_block_bytes": 0, "pool_bytes": 76515741952, "peak_pool_bytes": 76515741952}}, {"id": 7, "stats": {"num_allocs": 38, "bytes_in_use": 47403149056, "peak_bytes_in_use": 47475208704, "largest_alloc_size": 7518264832, "bytes_limit": 76515742126, "bytes_reserved": 0, "peak_bytes_reserved": 0, "largest_free_block_bytes": 0, "pool_bytes": 76515741952, "peak_pool_bytes": 76515741952}}]}
Traceback (most recent call last):
  File "/workspace/fixed/scripts/benchmark_compile_capacity.py", line 411, in <module>
    main()
  File "/workspace/fixed/scripts/benchmark_compile_capacity.py", line 306, in main
    program, state, coeffs = prepare(args, device)
                             ^^^^^^^^^^^^^^^^^^^^^
  File "/workspace/fixed/scripts/benchmark_compile_capacity.py", line 201, in prepare
    state = state._replace(ex=seed(state.ex))
                              ^^^^^^^^^^^^^^
jax.errors.JaxRuntimeError: RESOURCE_EXHAUSTED: Out of memory while trying to allocate 55.97GiB.: while running replica 0 and partition 0 of a replicated computation (other replicas may have failed as well).
--------------------
For simplicity, JAX has removed its internal frames from the traceback of the following exception. Set JAX_TRACEBACK_FILTERING=off to include these.
