W0927 10:05:29.506831    5648 hlo_rematerialization.cc:3204] Can't reduce memory use below 68.05GiB (73065555259 bytes) by rematerialization; only reduced to 125.93GiB (135216086416 bytes), down from 125.93GiB (135216086420 bytes) originally
W0927 10:05:39.584457    6129 bfc_allocator.cc:502] Allocator (GPU_2_bfc) ran out of memory trying to allocate 55.97GiB (rounded to 60096038912)requested by op 
If the cause is memory fragmentation maybe the environment variable 'TF_GPU_ALLOCATOR=cuda_malloc_async' will improve the situation. 
Current allocation summary follows.
Current allocation summary follows.
W0927 10:05:39.584556    6132 bfc_allocator.cc:502] Allocator (GPU_3_bfc) ran out of memory trying to allocate 55.97GiB (rounded to 60096038912)requested by op 
If the cause is memory fragmentation maybe the environment variable 'TF_GPU_ALLOCATOR=cuda_malloc_async' will improve the situation. 
Current allocation summary follows.
Current allocation summary follows.
W0927 10:05:39.584627    6123 bfc_allocator.cc:502] Allocator (GPU_0_bfc) ran out of memory trying to allocate 55.97GiB (rounded to 60096038912)requested by op 
If the cause is memory fragmentation maybe the environment variable 'TF_GPU_ALLOCATOR=cuda_malloc_async' will improve the situation. 
Current allocation summary follows.
Current allocation summary follows.
W0927 10:05:39.584692    6126 bfc_allocator.cc:502] Allocator (GPU_1_bfc) ran out of memory trying to allocate 55.97GiB (rounded to 60096038912)requested by op 
If the cause is memory fragmentation maybe the environment variable 'TF_GPU_ALLOCATOR=cuda_malloc_async' will improve the situation. 
Current allocation summary follows.
Current allocation summary follows.
W0927 10:05:39.584824    6123 bfc_allocator.cc:513] ***************************************************************_____________________________________
W0927 10:05:39.584827    6129 bfc_allocator.cc:513] ***************************************************************_____________________________________
W0927 10:05:39.584850    6126 bfc_allocator.cc:513] ***************************************************************_____________________________________
E0927 10:05:39.584854    6123 pjrt_stream_executor_client.cc:2111] Execution of replica 0 failed: RESOURCE_EXHAUSTED: Out of memory while trying to allocate 55.97GiB. [tf-allocator-allocation-error='']
E0927 10:05:39.584866    6129 pjrt_stream_executor_client.cc:2111] Execution of replica 0 failed: RESOURCE_EXHAUSTED: Out of memory while trying to allocate 55.97GiB. [tf-allocator-allocation-error='']
E0927 10:05:39.584860    6126 pjrt_stream_executor_client.cc:2111] Execution of replica 0 failed: RESOURCE_EXHAUSTED: Out of memory while trying to allocate 55.97GiB. [tf-allocator-allocation-error='']
W0927 10:05:39.584905    6132 bfc_allocator.cc:513] ***************************************************************_____________________________________
W0927 10:05:39.584821    6138 bfc_allocator.cc:502] Allocator (GPU_5_bfc) ran out of memory trying to allocate 55.97GiB (rounded to 60096038912)requested by op 
If the cause is memory fragmentation maybe the environment variable 'TF_GPU_ALLOCATOR=cuda_malloc_async' will improve the situation. 
Current allocation summary follows.
Current allocation summary follows.
W0927 10:05:39.584878    6141 bfc_allocator.cc:502] Allocator (GPU_6_bfc) ran out of memory trying to allocate 55.97GiB (rounded to 60096038912)requested by op 
If the cause is memory fragmentation maybe the environment variable 'TF_GPU_ALLOCATOR=cuda_malloc_async' will improve the situation. 
Current allocation summary follows.
Current allocation summary follows.
E0927 10:05:39.584932    6132 pjrt_stream_executor_client.cc:2111] Execution of replica 0 failed: RESOURCE_EXHAUSTED: Out of memory while trying to allocate 55.97GiB. [tf-allocator-allocation-error='']
W0927 10:05:39.584963    6144 bfc_allocator.cc:502] Allocator (GPU_7_bfc) ran out of memory trying to allocate 55.97GiB (rounded to 60096038912)requested by op 
If the cause is memory fragmentation maybe the environment variable 'TF_GPU_ALLOCATOR=cuda_malloc_async' will improve the situation. 
Current allocation summary follows.
Current allocation summary follows.
W0927 10:05:39.585050    6135 bfc_allocator.cc:502] Allocator (GPU_4_bfc) ran out of memory trying to allocate 55.97GiB (rounded to 60096038912)requested by op 
If the cause is memory fragmentation maybe the environment variable 'TF_GPU_ALLOCATOR=cuda_malloc_async' will improve the situation. 
Current allocation summary follows.
Current allocation summary follows.
W0927 10:05:39.585173    6141 bfc_allocator.cc:513] ***************************************************************_____________________________________
W0927 10:05:39.585148    6138 bfc_allocator.cc:513] ***************************************************************_____________________________________
E0927 10:05:39.585207    6138 pjrt_stream_executor_client.cc:2111] Execution of replica 0 failed: RESOURCE_EXHAUSTED: Out of memory while trying to allocate 55.97GiB. [tf-allocator-allocation-error='']
E0927 10:05:39.585205    6141 pjrt_stream_executor_client.cc:2111] Execution of replica 0 failed: RESOURCE_EXHAUSTED: Out of memory while trying to allocate 55.97GiB. [tf-allocator-allocation-error='']
W0927 10:05:39.585273    6144 bfc_allocator.cc:513] ***************************************************************_____________________________________
E0927 10:05:39.585301    6144 pjrt_stream_executor_client.cc:2111] Execution of replica 0 failed: RESOURCE_EXHAUSTED: Out of memory while trying to allocate 55.97GiB. [tf-allocator-allocation-error='']
W0927 10:05:39.585345    6135 bfc_allocator.cc:513] ***************************************************************_____________________________________
E0927 10:05:39.585374    6135 pjrt_stream_executor_client.cc:2111] Execution of replica 0 failed: RESOURCE_EXHAUSTED: Out of memory while trying to allocate 55.97GiB. [tf-allocator-allocation-error='']
{"stage": "prepare_failed", "seconds": 23.979699914343655, "max_rss_bytes": 22296883200, "gpu": {"num_allocs": 38, "bytes_in_use": 47403149056, "peak_bytes_in_use": 47475208704, "largest_alloc_size": 7518264832, "bytes_limit": 76515742126, "bytes_reserved": 0, "peak_bytes_reserved": 0, "largest_free_block_bytes": 0, "pool_bytes": 76515741952, "peak_pool_bytes": 76515741952}, "gpus": [{"id": 0, "stats": {"num_allocs": 38, "bytes_in_use": 47403149056, "peak_bytes_in_use": 47475208704, "largest_alloc_size": 7518264832, "bytes_limit": 76515742126, "bytes_reserved": 0, "peak_bytes_reserved": 0, "largest_free_block_bytes": 0, "pool_bytes": 76515741952, "peak_pool_bytes": 76515741952}}, {"id": 1, "stats": {"num_allocs": 38, "bytes_in_use": 47403149056, "peak_bytes_in_use": 47475208704, "largest_alloc_size": 7518264832, "bytes_limit": 76515742126, "bytes_reserved": 0, "peak_bytes_reserved": 0, "largest_free_block_bytes": 0, "pool_bytes": 76515741952, "peak_pool_bytes": 76515741952}}, {"id": 2, "stats": {"num_allocs": 38, "bytes_in_use": 47403149056, "peak_bytes_in_use": 47475208704, "largest_alloc_size": 7518264832, "bytes_limit": 76515742126, "bytes_reserved": 0, "peak_bytes_reserved": 0, "largest_free_block_bytes": 0, "pool_bytes": 76515741952, "peak_pool_bytes": 76515741952}}, {"id": 3, "stats": {"num_allocs": 38, "bytes_in_use": 47403149056, "peak_bytes_in_use": 47475208704, "largest_alloc_size": 7518264832, "bytes_limit": 76515742126, "bytes_reserved": 0, "peak_bytes_reserved": 0, "largest_free_block_bytes": 0, "pool_bytes": 76515741952, "peak_pool_bytes": 76515741952}}, {"id": 4, "stats": {"num_allocs": 38, "bytes_in_use": 47403149056, "peak_bytes_in_use": 47475208704, "largest_alloc_size": 7518264832, "bytes_limit": 76515742126, "bytes_reserved": 0, "peak_bytes_reserved": 0, "largest_free_block_bytes": 0, "pool_bytes": 76515741952, "peak_pool_bytes": 76515741952}}, {"id": 5, "stats": {"num_allocs": 38, "bytes_in_use": 47403149056, "peak_bytes_in_use": 47475208704, "largest_alloc_size": 7518264832, "bytes_limit": 76515742126, "bytes_reserved": 0, "peak_bytes_reserved": 0, "largest_free_block_bytes": 0, "pool_bytes": 76515741952, "peak_pool_bytes": 76515741952}}, {"id": 6, "stats": {"num_allocs": 38, "bytes_in_use": 47403149056, "peak_bytes_in_use": 47475208704, "largest_alloc_size": 7518264832, "bytes_limit": 76515742126, "bytes_reserved": 0, "peak_bytes_reserved": 0, "largest_free_block_bytes": 0, "pool_bytes": 76515741952, "peak_pool_bytes": 76515741952}}, {"id": 7, "stats": {"num_allocs": 38, "bytes_in_use": 47403149056, "peak_bytes_in_use": 47475208704, "largest_alloc_size": 7518264832, "bytes_limit": 76515742126, "bytes_reserved": 0, "peak_bytes_reserved": 0, "largest_free_block_bytes": 0, "pool_bytes": 76515741952, "peak_pool_bytes": 76515741952}}]}
Traceback (most recent call last):
  File "/workspace/fixed/scripts/benchmark_compile_capacity.py", line 411, in <module>
    main()
  File "/workspace/fixed/scripts/benchmark_compile_capacity.py", line 306, in main
    program, state, coeffs = prepare(args, device)
                             ^^^^^^^^^^^^^^^^^^^^^
  File "/workspace/fixed/scripts/benchmark_compile_capacity.py", line 201, in prepare
    state = state._replace(ex=seed(state.ex))
                              ^^^^^^^^^^^^^^
jax.errors.JaxRuntimeError: RESOURCE_EXHAUSTED: Out of memory while trying to allocate 55.97GiB.: while running replica 0 and partition 0 of a replicated computation (other replicas may have failed as well).
--------------------
For simplicity, JAX has removed its internal frames from the traceback of the following exception. Set JAX_TRACEBACK_FILTERING=off to include these.
