Using Python 3.12.3 environment at: /workspace/venv
Resolved 49 packages in 354ms
Downloading scipy (33.7MiB)
Downloading numpy (15.9MiB)
Downloading scikit-image (12.9MiB)
Downloading pillow (6.6MiB)
Downloading fonttools (5.1MiB)
Downloading pygments (1.2MiB)
Downloading hypothesis (1.1MiB)
Downloading networkx (2.0MiB)
Downloading nvidia-nccl-cu12 (335.2MiB)
Downloading nvidia-cusparse-cu12 (349.5MiB)
Downloading nvidia-cuda-nvcc-cu12 (38.7MiB)
Downloading nvidia-nvjitlink-cu12 (37.9MiB)
Downloading pandas (10.3MiB)
Downloading shapely (3.0MiB)
Downloading xarray (1.4MiB)
Downloading nvidia-cuda-cupti-cu12 (10.3MiB)
Downloading nvidia-cuda-runtime-cu12 (3.3MiB)
Downloading matplotlib (9.4MiB)
Downloading kiwisolver (1.4MiB)
Downloading nvidia-cublas-cu12 (554.3MiB)
Downloading jax (2.8MiB)
Downloading jax-cuda12-plugin (5.4MiB)
Downloading jaxlib (76.6MiB)
Downloading jax-cuda12-pjrt (147.7MiB)
Downloading nvidia-cufft-cu12 (191.6MiB)
Downloading nvidia-cudnn-cu12 (734.8MiB)
Downloading nvidia-cusolver-cu12 (322.5MiB)
Downloading nvidia-nvshmem-cu12 (267.8MiB)
Downloading nvidia-cuda-cccl-cu12 (3.0MiB)
Downloading nvidia-cuda-nvrtc-cu12 (85.4MiB)
 Downloaded hypothesis
 Downloaded pygments
 Downloaded kiwisolver
 Downloaded xarray
 Downloaded networkx
 Downloaded jax
 Downloaded shapely
 Downloaded nvidia-cuda-cccl-cu12
 Downloaded nvidia-cuda-runtime-cu12
 Downloaded fonttools
 Downloaded jax-cuda12-plugin
 Downloaded pillow
 Downloaded matplotlib
 Downloaded nvidia-cuda-cupti-cu12
 Downloaded pandas
 Downloaded scikit-image
 Downloaded numpy
 Downloaded nvidia-nvjitlink-cu12
 Downloaded nvidia-cuda-nvcc-cu12
 Downloaded scipy
 Downloaded nvidia-cuda-nvrtc-cu12
 Downloaded jaxlib
 Downloaded nvidia-cufft-cu12
 Downloaded nvidia-nvshmem-cu12
 Downloaded nvidia-nccl-cu12
 Downloaded jax-cuda12-pjrt
 Downloaded nvidia-cusolver-cu12
 Downloaded nvidia-cusparse-cu12
 Downloaded nvidia-cublas-cu12
 Downloaded nvidia-cudnn-cu12
Prepared 49 packages in 11.33s
Installed 49 packages in 277ms
 + absl-py==2.5.0
 + contourpy==1.4.0
 + coverage==7.16.2
 + cycler==0.12.1
 + fonttools==4.66.0
 + hypothesis==6.168.2
 + imageio==2.37.4
 + iniconfig==2.3.0
 + jax==0.9.0
 + jax-cuda12-pjrt==0.9.0
 + jax-cuda12-plugin==0.9.0
 + jaxlib==0.9.0
 + kiwisolver==1.5.1
 + lazy-loader==0.6
 + matplotlib==3.11.2
 + ml-dtypes==0.6.0
 + networkx==3.7
 + numpy==2.5.3
 + nvidia-cublas-cu12==12.9.2.10
 + nvidia-cuda-cccl-cu12==12.9.27
 + nvidia-cuda-cupti-cu12==12.9.79
 + nvidia-cuda-nvcc-cu12==12.9.86
 + nvidia-cuda-nvrtc-cu12==12.9.86
 + nvidia-cuda-runtime-cu12==12.9.79
 + nvidia-cudnn-cu12==9.26.0.51
 + nvidia-cufft-cu12==11.4.1.4
 + nvidia-cusolver-cu12==11.7.5.82
 + nvidia-cusparse-cu12==12.5.10.65
 + nvidia-nccl-cu12==2.32.3
 + nvidia-nvjitlink-cu12==12.9.86
 + nvidia-nvshmem-cu12==3.8.0
 + opt-einsum==3.4.0
 + optax==0.2.8
 + packaging==26.3
 + pandas==3.0.6
 + pillow==12.3.0
 + pluggy==1.6.0
 + pygments==2.21.0
 + pyparsing==3.3.3
 + pytest==9.1.1
 + pytest-cov==7.1.0
 + python-dateutil==2.9.0.post0
 + scikit-image==0.26.0
 + scipy==1.18.1
 + shapely==2.1.2
 + six==1.17.0
 + sortedcontainers==2.4.0
 + tifffile==2026.9.20
 + xarray==2026.7.0
Using Python 3.12.3 environment at: /workspace/venv
Resolved 1 package in 2ms
Prepared 1 package in 234ms
Installed 1 package in 5ms
 + beamz-cuda-component==0.21.0 (from file:///workspace/beamz_cuda_component-0.21.0-cp312-cp312-linux_x86_64.whl)
0.9.0 [CudaDevice(id=0), CudaDevice(id=1), CudaDevice(id=2), CudaDevice(id=3), CudaDevice(id=4), CudaDevice(id=5), CudaDevice(id=6), CudaDevice(id=7)]
NATIVE_SHA256 6753641e1a682751ad00c10abda53bd4cd33fd3569ccf048baea018bb94be00d
Traceback (most recent call last):
  File "/workspace/host-monitor.py", line 13, in <module>
    with out.open('a') as f:f.write(json.dumps(dict(time=datetime.datetime.now(datetime.timezone.utc).isoformat(),cgroup_bytes=int(pathlib.Path('/sys/fs/cgroup/memory.current').read_text()),processes=rows))+'\n')
                                                                                                                                   ^^^^^^^^^^^^^^^^^^^^^^^^^^^^^^^^^^^^^^^^^^^^^^^^^^^^^^^^^
  File "/usr/lib/python3.12/pathlib.py", line 1029, in read_text
    with self.open(mode='r', encoding=encoding, errors=errors) as f:
         ^^^^^^^^^^^^^^^^^^^^^^^^^^^^^^^^^^^^^^^^^^^^^^^^^^^^^
  File "/usr/lib/python3.12/pathlib.py", line 1015, in open
    return io.open(self, mode, buffering, encoding, errors, newline)
           ^^^^^^^^^^^^^^^^^^^^^^^^^^^^^^^^^^^^^^^^^^^^^^^^^^^^^^^^^
FileNotFoundError: [Errno 2] No such file or directory: '/sys/fs/cgroup/memory.current'
START one-gpu-parity 2026-09-27T13:12:32.977015+00:00
DONE {'name': 'one-gpu-parity', 'command': ['/workspace/venv/bin/python', '-m', 'pytest', 'tests/hardware/test_cuda_capacity.py', '-q'], 'revision': 'fixed', 'devices': 1, 'started': 1790514752.9770133, 'seconds': 230.93919968605042, 'returncode': 0}
START two-gpu-parity 2026-09-27T13:16:23.917531+00:00
DONE {'name': 'two-gpu-parity', 'command': ['/workspace/venv/bin/python', '-m', 'pytest', 'tests/hardware/test_multi_gpu_capacity.py', '-q'], 'revision': 'fixed', 'devices': 2, 'started': 1790514983.917525, 'seconds': 178.69437289237976, 'returncode': 0}
START eight-gpu-parity 2026-09-27T13:19:22.613925+00:00
DONE {'name': 'eight-gpu-parity', 'command': ['/workspace/venv/bin/python', '-m', 'pytest', 'tests/hardware/test_multi_gpu_capacity.py', '-q'], 'revision': 'fixed', 'devices': 8, 'started': 1790515162.6139162, 'seconds': 221.4567093849182, 'returncode': 0}
START propagated-1-z-jax 2026-09-27T13:23:04.075178+00:00
DONE {'name': 'propagated-1-z-jax', 'command': ['/workspace/venv/bin/python', '/workspace/fixed/scripts/validate_modal_scaling.py', '--shape', '128', '96', '256', '--steps', '2048', '--frequencies', '101', '--devices', '1', '--shard-axis', 'z', '--backend', 'jax', '--output', '/workspace/evidence/propagated-1-z-jax.json'], 'revision': 'fixed', 'devices': 1, 'started': 1790515384.0751147, 'seconds': 43.16430187225342, 'returncode': 0}
START propagated-8-z-cuda_streamed 2026-09-27T13:23:47.241201+00:00
DONE {'name': 'propagated-8-z-cuda_streamed', 'command': ['/workspace/venv/bin/python', '/workspace/fixed/scripts/validate_modal_scaling.py', '--shape', '128', '96', '256', '--steps', '2048', '--frequencies', '101', '--devices', '8', '--shard-axis', 'z', '--backend', 'cuda_streamed', '--output', '/workspace/evidence/propagated-8-z-cuda_streamed.json'], 'revision': 'fixed', 'devices': 8, 'started': 1790515427.2411945, 'seconds': 70.96375441551208, 'returncode': 0}
START propagated-8-z-jax 2026-09-27T13:24:58.206798+00:00
DONE {'name': 'propagated-8-z-jax', 'command': ['/workspace/venv/bin/python', '/workspace/fixed/scripts/validate_modal_scaling.py', '--shape', '128', '96', '256', '--steps', '2048', '--frequencies', '101', '--devices', '8', '--shard-axis', 'z', '--backend', 'jax', '--output', '/workspace/evidence/propagated-8-z-jax.json'], 'revision': 'fixed', 'devices': 8, 'started': 1790515498.2067914, 'seconds': 73.84301400184631, 'returncode': 0}
START propagated-comparison 2026-09-27T13:26:12.051661+00:00
DONE {'name': 'propagated-comparison', 'command': ['/workspace/venv/bin/python', '/workspace/fixed/scripts/compare_modal_scaling.py', '/workspace/evidence/propagated-1-z-jax.json', '/workspace/evidence/propagated-8-z-cuda_streamed.json', '/workspace/evidence/propagated-8-z-jax.json', '--output', '/workspace/evidence/propagated-comparison.json'], 'revision': 'fixed', 'devices': 1, 'started': 1790515572.0516546, 'seconds': 0.2671782970428467, 'returncode': 0}
START paired-0-1-x-cuda_streamed-baseline 2026-09-27T13:26:12.320467+00:00
DONE {'name': 'paired-0-1-x-cuda_streamed-baseline', 'command': ['/workspace/venv/bin/python', '/workspace/fixed/scripts/benchmark_modal_stepping.py', '--shape', '256', '256', '256', '--devices', '1', '--shard-axis', 'x', '--backend', 'cuda_streamed', '--timesteps', '128', '--samples', '5', '--frequencies', '101', '--host-setup', '--donate-state', '--output', '/workspace/evidence/paired-0-1-x-cuda_streamed-baseline.json'], 'revision': 'baseline', 'devices': 1, 'started': 1790515572.320462, 'seconds': 38.428685903549194, 'returncode': 0}
START paired-0-1-x-cuda_streamed-fixed 2026-09-27T13:26:50.750727+00:00
DONE {'name': 'paired-0-1-x-cuda_streamed-fixed', 'command': ['/workspace/venv/bin/python', '/workspace/fixed/scripts/benchmark_modal_stepping.py', '--shape', '256', '256', '256', '--devices', '1', '--shard-axis', 'x', '--backend', 'cuda_streamed', '--timesteps', '128', '--samples', '5', '--frequencies', '101', '--host-setup', '--donate-state', '--output', '/workspace/evidence/paired-0-1-x-cuda_streamed-fixed.json'], 'revision': 'fixed', 'devices': 1, 'started': 1790515610.7507217, 'seconds': 37.689698457717896, 'returncode': 0}
START paired-0-1-x-jax-baseline 2026-09-27T13:27:28.442356+00:00
DONE {'name': 'paired-0-1-x-jax-baseline', 'command': ['/workspace/venv/bin/python', '/workspace/fixed/scripts/benchmark_modal_stepping.py', '--shape', '256', '256', '256', '--devices', '1', '--shard-axis', 'x', '--backend', 'jax', '--timesteps', '128', '--samples', '5', '--frequencies', '101', '--host-setup', '--donate-state', '--output', '/workspace/evidence/paired-0-1-x-jax-baseline.json'], 'revision': 'baseline', 'devices': 1, 'started': 1790515648.4423504, 'seconds': 42.00240755081177, 'returncode': 0}
START paired-0-1-x-jax-fixed 2026-09-27T13:28:10.446496+00:00
DONE {'name': 'paired-0-1-x-jax-fixed', 'command': ['/workspace/venv/bin/python', '/workspace/fixed/scripts/benchmark_modal_stepping.py', '--shape', '256', '256', '256', '--devices', '1', '--shard-axis', 'x', '--backend', 'jax', '--timesteps', '128', '--samples', '5', '--frequencies', '101', '--host-setup', '--donate-state', '--output', '/workspace/evidence/paired-0-1-x-jax-fixed.json'], 'revision': 'fixed', 'devices': 1, 'started': 1790515690.4464896, 'seconds': 41.453399419784546, 'returncode': 0}
START paired-0-2-x-cuda_streamed-baseline 2026-09-27T13:28:51.901825+00:00
DONE {'name': 'paired-0-2-x-cuda_streamed-baseline', 'command': ['/workspace/venv/bin/python', '/workspace/fixed/scripts/benchmark_modal_stepping.py', '--shape', '256', '256', '512', '--devices', '2', '--shard-axis', 'x', '--backend', 'cuda_streamed', '--timesteps', '128', '--samples', '5', '--frequencies', '101', '--host-setup', '--donate-state', '--output', '/workspace/evidence/paired-0-2-x-cuda_streamed-baseline.json'], 'revision': 'baseline', 'devices': 2, 'started': 1790515731.901817, 'seconds': 53.96095824241638, 'returncode': 0}
START paired-0-2-x-cuda_streamed-fixed 2026-09-27T13:29:45.864844+00:00
DONE {'name': 'paired-0-2-x-cuda_streamed-fixed', 'command': ['/workspace/venv/bin/python', '/workspace/fixed/scripts/benchmark_modal_stepping.py', '--shape', '256', '256', '512', '--devices', '2', '--shard-axis', 'x', '--backend', 'cuda_streamed', '--timesteps', '128', '--samples', '5', '--frequencies', '101', '--host-setup', '--donate-state', '--output', '/workspace/evidence/paired-0-2-x-cuda_streamed-fixed.json'], 'revision': 'fixed', 'devices': 2, 'started': 1790515785.864838, 'seconds': 50.89157509803772, 'returncode': 0}
START paired-0-2-x-jax-baseline 2026-09-27T13:30:36.758594+00:00
DONE {'name': 'paired-0-2-x-jax-baseline', 'command': ['/workspace/venv/bin/python', '/workspace/fixed/scripts/benchmark_modal_stepping.py', '--shape', '256', '256', '512', '--devices', '2', '--shard-axis', 'x', '--backend', 'jax', '--timesteps', '128', '--samples', '5', '--frequencies', '101', '--host-setup', '--donate-state', '--output', '/workspace/evidence/paired-0-2-x-jax-baseline.json'], 'revision': 'baseline', 'devices': 2, 'started': 1790515836.7585876, 'seconds': 52.38944721221924, 'returncode': 0}
START paired-0-2-x-jax-fixed 2026-09-27T13:31:29.150659+00:00
DONE {'name': 'paired-0-2-x-jax-fixed', 'command': ['/workspace/venv/bin/python', '/workspace/fixed/scripts/benchmark_modal_stepping.py', '--shape', '256', '256', '512', '--devices', '2', '--shard-axis', 'x', '--backend', 'jax', '--timesteps', '128', '--samples', '5', '--frequencies', '101', '--host-setup', '--donate-state', '--output', '/workspace/evidence/paired-0-2-x-jax-fixed.json'], 'revision': 'fixed', 'devices': 2, 'started': 1790515889.1506515, 'seconds': 51.06626319885254, 'returncode': 0}
START paired-0-2-z-cuda_streamed-baseline 2026-09-27T13:32:20.219222+00:00
DONE {'name': 'paired-0-2-z-cuda_streamed-baseline', 'command': ['/workspace/venv/bin/python', '/workspace/fixed/scripts/benchmark_modal_stepping.py', '--shape', '256', '256', '512', '--devices', '2', '--shard-axis', 'z', '--backend', 'cuda_streamed', '--timesteps', '128', '--samples', '5', '--frequencies', '101', '--host-setup', '--donate-state', '--output', '/workspace/evidence/paired-0-2-z-cuda_streamed-baseline.json'], 'revision': 'baseline', 'devices': 2, 'started': 1790515940.2192159, 'seconds': 52.15121006965637, 'returncode': 0}
START paired-0-2-z-cuda_streamed-fixed 2026-09-27T13:33:12.372605+00:00
DONE {'name': 'paired-0-2-z-cuda_streamed-fixed', 'command': ['/workspace/venv/bin/python', '/workspace/fixed/scripts/benchmark_modal_stepping.py', '--shape', '256', '256', '512', '--devices', '2', '--shard-axis', 'z', '--backend', 'cuda_streamed', '--timesteps', '128', '--samples', '5', '--frequencies', '101', '--host-setup', '--donate-state', '--output', '/workspace/evidence/paired-0-2-z-cuda_streamed-fixed.json'], 'revision': 'fixed', 'devices': 2, 'started': 1790515992.3725994, 'seconds': 48.02002191543579, 'returncode': 0}
START paired-0-2-z-jax-baseline 2026-09-27T13:34:00.395099+00:00
DONE {'name': 'paired-0-2-z-jax-baseline', 'command': ['/workspace/venv/bin/python', '/workspace/fixed/scripts/benchmark_modal_stepping.py', '--shape', '256', '256', '512', '--devices', '2', '--shard-axis', 'z', '--backend', 'jax', '--timesteps', '128', '--samples', '5', '--frequencies', '101', '--host-setup', '--donate-state', '--output', '/workspace/evidence/paired-0-2-z-jax-baseline.json'], 'revision': 'baseline', 'devices': 2, 'started': 1790516040.395092, 'seconds': 54.80521488189697, 'returncode': 0}
START paired-0-2-z-jax-fixed 2026-09-27T13:34:55.202519+00:00
DONE {'name': 'paired-0-2-z-jax-fixed', 'command': ['/workspace/venv/bin/python', '/workspace/fixed/scripts/benchmark_modal_stepping.py', '--shape', '256', '256', '512', '--devices', '2', '--shard-axis', 'z', '--backend', 'jax', '--timesteps', '128', '--samples', '5', '--frequencies', '101', '--host-setup', '--donate-state', '--output', '/workspace/evidence/paired-0-2-z-jax-fixed.json'], 'revision': 'fixed', 'devices': 2, 'started': 1790516095.2025132, 'seconds': 51.977412700653076, 'returncode': 0}
START paired-1-1-x-cuda_streamed-fixed 2026-09-27T13:35:47.182755+00:00
DONE {'name': 'paired-1-1-x-cuda_streamed-fixed', 'command': ['/workspace/venv/bin/python', '/workspace/fixed/scripts/benchmark_modal_stepping.py', '--shape', '256', '256', '256', '--devices', '1', '--shard-axis', 'x', '--backend', 'cuda_streamed', '--timesteps', '128', '--samples', '5', '--frequencies', '101', '--host-setup', '--donate-state', '--output', '/workspace/evidence/paired-1-1-x-cuda_streamed-fixed.json'], 'revision': 'fixed', 'devices': 1, 'started': 1790516147.1827457, 'seconds': 38.384079456329346, 'returncode': 0}
START paired-1-1-x-cuda_streamed-baseline 2026-09-27T13:36:25.569168+00:00
DONE {'name': 'paired-1-1-x-cuda_streamed-baseline', 'command': ['/workspace/venv/bin/python', '/workspace/fixed/scripts/benchmark_modal_stepping.py', '--shape', '256', '256', '256', '--devices', '1', '--shard-axis', 'x', '--backend', 'cuda_streamed', '--timesteps', '128', '--samples', '5', '--frequencies', '101', '--host-setup', '--donate-state', '--output', '/workspace/evidence/paired-1-1-x-cuda_streamed-baseline.json'], 'revision': 'baseline', 'devices': 1, 'started': 1790516185.569161, 'seconds': 38.3933048248291, 'returncode': 0}
START paired-1-1-x-jax-fixed 2026-09-27T13:37:03.965096+00:00
DONE {'name': 'paired-1-1-x-jax-fixed', 'command': ['/workspace/venv/bin/python', '/workspace/fixed/scripts/benchmark_modal_stepping.py', '--shape', '256', '256', '256', '--devices', '1', '--shard-axis', 'x', '--backend', 'jax', '--timesteps', '128', '--samples', '5', '--frequencies', '101', '--host-setup', '--donate-state', '--output', '/workspace/evidence/paired-1-1-x-jax-fixed.json'], 'revision': 'fixed', 'devices': 1, 'started': 1790516223.965089, 'seconds': 41.64374017715454, 'returncode': 0}
START paired-1-1-x-jax-baseline 2026-09-27T13:37:45.611200+00:00
DONE {'name': 'paired-1-1-x-jax-baseline', 'command': ['/workspace/venv/bin/python', '/workspace/fixed/scripts/benchmark_modal_stepping.py', '--shape', '256', '256', '256', '--devices', '1', '--shard-axis', 'x', '--backend', 'jax', '--timesteps', '128', '--samples', '5', '--frequencies', '101', '--host-setup', '--donate-state', '--output', '/workspace/evidence/paired-1-1-x-jax-baseline.json'], 'revision': 'baseline', 'devices': 1, 'started': 1790516265.6111941, 'seconds': 42.26516509056091, 'returncode': 0}
START paired-1-2-x-cuda_streamed-fixed 2026-09-27T13:38:27.878713+00:00
DONE {'name': 'paired-1-2-x-cuda_streamed-fixed', 'command': ['/workspace/venv/bin/python', '/workspace/fixed/scripts/benchmark_modal_stepping.py', '--shape', '256', '256', '512', '--devices', '2', '--shard-axis', 'x', '--backend', 'cuda_streamed', '--timesteps', '128', '--samples', '5', '--frequencies', '101', '--host-setup', '--donate-state', '--output', '/workspace/evidence/paired-1-2-x-cuda_streamed-fixed.json'], 'revision': 'fixed', 'devices': 2, 'started': 1790516307.8787074, 'seconds': 50.173691749572754, 'returncode': 0}
START paired-1-2-x-cuda_streamed-baseline 2026-09-27T13:39:18.054837+00:00
DONE {'name': 'paired-1-2-x-cuda_streamed-baseline', 'command': ['/workspace/venv/bin/python', '/workspace/fixed/scripts/benchmark_modal_stepping.py', '--shape', '256', '256', '512', '--devices', '2', '--shard-axis', 'x', '--backend', 'cuda_streamed', '--timesteps', '128', '--samples', '5', '--frequencies', '101', '--host-setup', '--donate-state', '--output', '/workspace/evidence/paired-1-2-x-cuda_streamed-baseline.json'], 'revision': 'baseline', 'devices': 2, 'started': 1790516358.0548298, 'seconds': 54.1365602016449, 'returncode': 0}
START paired-1-2-x-jax-fixed 2026-09-27T13:40:12.194103+00:00
DONE {'name': 'paired-1-2-x-jax-fixed', 'command': ['/workspace/venv/bin/python', '/workspace/fixed/scripts/benchmark_modal_stepping.py', '--shape', '256', '256', '512', '--devices', '2', '--shard-axis', 'x', '--backend', 'jax', '--timesteps', '128', '--samples', '5', '--frequencies', '101', '--host-setup', '--donate-state', '--output', '/workspace/evidence/paired-1-2-x-jax-fixed.json'], 'revision': 'fixed', 'devices': 2, 'started': 1790516412.1940956, 'seconds': 51.17865991592407, 'returncode': 0}
START paired-1-2-x-jax-baseline 2026-09-27T13:41:03.375791+00:00
DONE {'name': 'paired-1-2-x-jax-baseline', 'command': ['/workspace/venv/bin/python', '/workspace/fixed/scripts/benchmark_modal_stepping.py', '--shape', '256', '256', '512', '--devices', '2', '--shard-axis', 'x', '--backend', 'jax', '--timesteps', '128', '--samples', '5', '--frequencies', '101', '--host-setup', '--donate-state', '--output', '/workspace/evidence/paired-1-2-x-jax-baseline.json'], 'revision': 'baseline', 'devices': 2, 'started': 1790516463.3757827, 'seconds': 52.60913038253784, 'returncode': 0}
START paired-1-2-z-cuda_streamed-fixed 2026-09-27T13:41:55.987368+00:00
DONE {'name': 'paired-1-2-z-cuda_streamed-fixed', 'command': ['/workspace/venv/bin/python', '/workspace/fixed/scripts/benchmark_modal_stepping.py', '--shape', '256', '256', '512', '--devices', '2', '--shard-axis', 'z', '--backend', 'cuda_streamed', '--timesteps', '128', '--samples', '5', '--frequencies', '101', '--host-setup', '--donate-state', '--output', '/workspace/evidence/paired-1-2-z-cuda_streamed-fixed.json'], 'revision': 'fixed', 'devices': 2, 'started': 1790516515.9873614, 'seconds': 48.38556408882141, 'returncode': 0}
START paired-1-2-z-cuda_streamed-baseline 2026-09-27T13:42:44.375504+00:00
DONE {'name': 'paired-1-2-z-cuda_streamed-baseline', 'command': ['/workspace/venv/bin/python', '/workspace/fixed/scripts/benchmark_modal_stepping.py', '--shape', '256', '256', '512', '--devices', '2', '--shard-axis', 'z', '--backend', 'cuda_streamed', '--timesteps', '128', '--samples', '5', '--frequencies', '101', '--host-setup', '--donate-state', '--output', '/workspace/evidence/paired-1-2-z-cuda_streamed-baseline.json'], 'revision': 'baseline', 'devices': 2, 'started': 1790516564.3754976, 'seconds': 52.49802851676941, 'returncode': 0}
START paired-1-2-z-jax-fixed 2026-09-27T13:43:36.877919+00:00
DONE {'name': 'paired-1-2-z-jax-fixed', 'command': ['/workspace/venv/bin/python', '/workspace/fixed/scripts/benchmark_modal_stepping.py', '--shape', '256', '256', '512', '--devices', '2', '--shard-axis', 'z', '--backend', 'jax', '--timesteps', '128', '--samples', '5', '--frequencies', '101', '--host-setup', '--donate-state', '--output', '/workspace/evidence/paired-1-2-z-jax-fixed.json'], 'revision': 'fixed', 'devices': 2, 'started': 1790516616.8779128, 'seconds': 52.80656957626343, 'returncode': 0}
START paired-1-2-z-jax-baseline 2026-09-27T13:44:29.687208+00:00
DONE {'name': 'paired-1-2-z-jax-baseline', 'command': ['/workspace/venv/bin/python', '/workspace/fixed/scripts/benchmark_modal_stepping.py', '--shape', '256', '256', '512', '--devices', '2', '--shard-axis', 'z', '--backend', 'jax', '--timesteps', '128', '--samples', '5', '--frequencies', '101', '--host-setup', '--donate-state', '--output', '/workspace/evidence/paired-1-2-z-jax-baseline.json'], 'revision': 'baseline', 'devices': 2, 'started': 1790516669.6872022, 'seconds': 58.1260929107666, 'returncode': 0}
START paired-2-1-x-cuda_streamed-baseline 2026-09-27T13:45:27.815979+00:00
DONE {'name': 'paired-2-1-x-cuda_streamed-baseline', 'command': ['/workspace/venv/bin/python', '/workspace/fixed/scripts/benchmark_modal_stepping.py', '--shape', '256', '256', '256', '--devices', '1', '--shard-axis', 'x', '--backend', 'cuda_streamed', '--timesteps', '128', '--samples', '5', '--frequencies', '101', '--host-setup', '--donate-state', '--output', '/workspace/evidence/paired-2-1-x-cuda_streamed-baseline.json'], 'revision': 'baseline', 'devices': 1, 'started': 1790516727.8159723, 'seconds': 38.278404235839844, 'returncode': 0}
START paired-2-1-x-cuda_streamed-fixed 2026-09-27T13:46:06.097144+00:00
DONE {'name': 'paired-2-1-x-cuda_streamed-fixed', 'command': ['/workspace/venv/bin/python', '/workspace/fixed/scripts/benchmark_modal_stepping.py', '--shape', '256', '256', '256', '--devices', '1', '--shard-axis', 'x', '--backend', 'cuda_streamed', '--timesteps', '128', '--samples', '5', '--frequencies', '101', '--host-setup', '--donate-state', '--output', '/workspace/evidence/paired-2-1-x-cuda_streamed-fixed.json'], 'revision': 'fixed', 'devices': 1, 'started': 1790516766.097137, 'seconds': 37.53423523902893, 'returncode': 0}
START paired-2-1-x-jax-baseline 2026-09-27T13:46:43.634195+00:00
DONE {'name': 'paired-2-1-x-jax-baseline', 'command': ['/workspace/venv/bin/python', '/workspace/fixed/scripts/benchmark_modal_stepping.py', '--shape', '256', '256', '256', '--devices', '1', '--shard-axis', 'x', '--backend', 'jax', '--timesteps', '128', '--samples', '5', '--frequencies', '101', '--host-setup', '--donate-state', '--output', '/workspace/evidence/paired-2-1-x-jax-baseline.json'], 'revision': 'baseline', 'devices': 1, 'started': 1790516803.6341896, 'seconds': 41.654685974121094, 'returncode': 0}
START paired-2-1-x-jax-fixed 2026-09-27T13:47:25.291799+00:00
DONE {'name': 'paired-2-1-x-jax-fixed', 'command': ['/workspace/venv/bin/python', '/workspace/fixed/scripts/benchmark_modal_stepping.py', '--shape', '256', '256', '256', '--devices', '1', '--shard-axis', 'x', '--backend', 'jax', '--timesteps', '128', '--samples', '5', '--frequencies', '101', '--host-setup', '--donate-state', '--output', '/workspace/evidence/paired-2-1-x-jax-fixed.json'], 'revision': 'fixed', 'devices': 1, 'started': 1790516845.291793, 'seconds': 41.55868124961853, 'returncode': 0}
START paired-2-2-x-cuda_streamed-baseline 2026-09-27T13:48:06.854004+00:00
DONE {'name': 'paired-2-2-x-cuda_streamed-baseline', 'command': ['/workspace/venv/bin/python', '/workspace/fixed/scripts/benchmark_modal_stepping.py', '--shape', '256', '256', '512', '--devices', '2', '--shard-axis', 'x', '--backend', 'cuda_streamed', '--timesteps', '128', '--samples', '5', '--frequencies', '101', '--host-setup', '--donate-state', '--output', '/workspace/evidence/paired-2-2-x-cuda_streamed-baseline.json'], 'revision': 'baseline', 'devices': 2, 'started': 1790516886.8539968, 'seconds': 54.461875200271606, 'returncode': 0}
START paired-2-2-x-cuda_streamed-fixed 2026-09-27T13:49:01.318879+00:00
DONE {'name': 'paired-2-2-x-cuda_streamed-fixed', 'command': ['/workspace/venv/bin/python', '/workspace/fixed/scripts/benchmark_modal_stepping.py', '--shape', '256', '256', '512', '--devices', '2', '--shard-axis', 'x', '--backend', 'cuda_streamed', '--timesteps', '128', '--samples', '5', '--frequencies', '101', '--host-setup', '--donate-state', '--output', '/workspace/evidence/paired-2-2-x-cuda_streamed-fixed.json'], 'revision': 'fixed', 'devices': 2, 'started': 1790516941.3188715, 'seconds': 50.85374164581299, 'returncode': 0}
START paired-2-2-x-jax-baseline 2026-09-27T13:49:52.175979+00:00
DONE {'name': 'paired-2-2-x-jax-baseline', 'command': ['/workspace/venv/bin/python', '/workspace/fixed/scripts/benchmark_modal_stepping.py', '--shape', '256', '256', '512', '--devices', '2', '--shard-axis', 'x', '--backend', 'jax', '--timesteps', '128', '--samples', '5', '--frequencies', '101', '--host-setup', '--donate-state', '--output', '/workspace/evidence/paired-2-2-x-jax-baseline.json'], 'revision': 'baseline', 'devices': 2, 'started': 1790516992.1759713, 'seconds': 52.75636148452759, 'returncode': 0}
START paired-2-2-x-jax-fixed 2026-09-27T13:50:44.935270+00:00
DONE {'name': 'paired-2-2-x-jax-fixed', 'command': ['/workspace/venv/bin/python', '/workspace/fixed/scripts/benchmark_modal_stepping.py', '--shape', '256', '256', '512', '--devices', '2', '--shard-axis', 'x', '--backend', 'jax', '--timesteps', '128', '--samples', '5', '--frequencies', '101', '--host-setup', '--donate-state', '--output', '/workspace/evidence/paired-2-2-x-jax-fixed.json'], 'revision': 'fixed', 'devices': 2, 'started': 1790517044.9352632, 'seconds': 51.20187973976135, 'returncode': 0}
START paired-2-2-z-cuda_streamed-baseline 2026-09-27T13:51:36.140111+00:00
DONE {'name': 'paired-2-2-z-cuda_streamed-baseline', 'command': ['/workspace/venv/bin/python', '/workspace/fixed/scripts/benchmark_modal_stepping.py', '--shape', '256', '256', '512', '--devices', '2', '--shard-axis', 'z', '--backend', 'cuda_streamed', '--timesteps', '128', '--samples', '5', '--frequencies', '101', '--host-setup', '--donate-state', '--output', '/workspace/evidence/paired-2-2-z-cuda_streamed-baseline.json'], 'revision': 'baseline', 'devices': 2, 'started': 1790517096.1401048, 'seconds': 53.8281524181366, 'returncode': 0}
START paired-2-2-z-cuda_streamed-fixed 2026-09-27T13:52:29.971343+00:00
DONE {'name': 'paired-2-2-z-cuda_streamed-fixed', 'command': ['/workspace/venv/bin/python', '/workspace/fixed/scripts/benchmark_modal_stepping.py', '--shape', '256', '256', '512', '--devices', '2', '--shard-axis', 'z', '--backend', 'cuda_streamed', '--timesteps', '128', '--samples', '5', '--frequencies', '101', '--host-setup', '--donate-state', '--output', '/workspace/evidence/paired-2-2-z-cuda_streamed-fixed.json'], 'revision': 'fixed', 'devices': 2, 'started': 1790517149.9713366, 'seconds': 48.588220834732056, 'returncode': 0}
START paired-2-2-z-jax-baseline 2026-09-27T13:53:18.562879+00:00
DONE {'name': 'paired-2-2-z-jax-baseline', 'command': ['/workspace/venv/bin/python', '/workspace/fixed/scripts/benchmark_modal_stepping.py', '--shape', '256', '256', '512', '--devices', '2', '--shard-axis', 'z', '--backend', 'jax', '--timesteps', '128', '--samples', '5', '--frequencies', '101', '--host-setup', '--donate-state', '--output', '/workspace/evidence/paired-2-2-z-jax-baseline.json'], 'revision': 'baseline', 'devices': 2, 'started': 1790517198.562873, 'seconds': 55.56588339805603, 'returncode': 0}
START paired-2-2-z-jax-fixed 2026-09-27T13:54:14.132088+00:00
DONE {'name': 'paired-2-2-z-jax-fixed', 'command': ['/workspace/venv/bin/python', '/workspace/fixed/scripts/benchmark_modal_stepping.py', '--shape', '256', '256', '512', '--devices', '2', '--shard-axis', 'z', '--backend', 'jax', '--timesteps', '128', '--samples', '5', '--frequencies', '101', '--host-setup', '--donate-state', '--output', '/workspace/evidence/paired-2-2-z-jax-fixed.json'], 'revision': 'fixed', 'devices': 2, 'started': 1790517254.1320806, 'seconds': 52.65372681617737, 'returncode': 0}
START public-eight-z-15b-cuda_streamed 2026-09-27T13:55:06.788903+00:00
DONE {'name': 'public-eight-z-15b-cuda_streamed', 'command': ['/workspace/venv/bin/python', '/workspace/fixed/scripts/benchmark_compile_capacity.py', '--workload', 'modal', '--shape', '10000', '1250', '1200', '--devices', '8', '--axis', 'z', '--backend', 'cuda_streamed', '--frequencies', '101', '--steps', '32', '--samples', '3', '--output', '/workspace/evidence/public-eight-z-15b-cuda_streamed.json'], 'revision': 'fixed', 'devices': 8, 'started': 1790517306.7888968, 'seconds': 1014.1087815761566, 'returncode': 1}
full public CUDA 15B failed
