{"stage": "prepare", "seconds": 984.6853100731969, "max_rss_bytes": 121358360576, "gpu": {"num_allocs": 6206, "bytes_in_use": 69371151104, "peak_bytes_in_use": 69441513984, "largest_alloc_size": 7518264832, "bytes_limit": 76525533204, "bytes_reserved": 0, "peak_bytes_reserved": 0, "largest_free_block_bytes": 0, "pool_bytes": 76525533184, "peak_pool_bytes": 76525533184}, "gpus": [{"id": 0, "stats": {"num_allocs": 6206, "bytes_in_use": 69371151104, "peak_bytes_in_use": 69441513984, "largest_alloc_size": 7518264832, "bytes_limit": 76525533204, "bytes_reserved": 0, "peak_bytes_reserved": 0, "largest_free_block_bytes": 0, "pool_bytes": 76525533184, "peak_pool_bytes": 76525533184}}, {"id": 1, "stats": {"num_allocs": 6206, "bytes_in_use": 69371151104, "peak_bytes_in_use": 69441513984, "largest_alloc_size": 7518264832, "bytes_limit": 76525533204, "bytes_reserved": 0, "peak_bytes_reserved": 0, "largest_free_block_bytes": 0, "pool_bytes": 76525533184, "peak_pool_bytes": 76525533184}}, {"id": 2, "stats": {"num_allocs": 6206, "bytes_in_use": 69371151104, "peak_bytes_in_use": 69441513984, "largest_alloc_size": 7518264832, "bytes_limit": 76525533204, "bytes_reserved": 0, "peak_bytes_reserved": 0, "largest_free_block_bytes": 0, "pool_bytes": 76525533184, "peak_pool_bytes": 76525533184}}, {"id": 3, "stats": {"num_allocs": 6206, "bytes_in_use": 69371151104, "peak_bytes_in_use": 69441513984, "largest_alloc_size": 7518264832, "bytes_limit": 76525533204, "bytes_reserved": 0, "peak_bytes_reserved": 0, "largest_free_block_bytes": 0, "pool_bytes": 76525533184, "peak_pool_bytes": 76525533184}}, {"id": 4, "stats": {"num_allocs": 6206, "bytes_in_use": 69371151104, "peak_bytes_in_use": 69441513984, "largest_alloc_size": 7518264832, "bytes_limit": 76525533204, "bytes_reserved": 0, "peak_bytes_reserved": 0, "largest_free_block_bytes": 0, "pool_bytes": 76525533184, "peak_pool_bytes": 76525533184}}, {"id": 5, "stats": {"num_allocs": 6206, "bytes_in_use": 69371151104, "peak_bytes_in_use": 69441513984, "largest_alloc_size": 7518264832, "bytes_limit": 76525533204, "bytes_reserved": 0, "peak_bytes_reserved": 0, "largest_free_block_bytes": 0, "pool_bytes": 76525533184, "peak_pool_bytes": 76525533184}}, {"id": 6, "stats": {"num_allocs": 6206, "bytes_in_use": 69371151104, "peak_bytes_in_use": 69441513984, "largest_alloc_size": 7518264832, "bytes_limit": 76525533204, "bytes_reserved": 0, "peak_bytes_reserved": 0, "largest_free_block_bytes": 0, "pool_bytes": 76525533184, "peak_pool_bytes": 76525533184}}, {"id": 7, "stats": {"num_allocs": 6206, "bytes_in_use": 69371151104, "peak_bytes_in_use": 69441513984, "largest_alloc_size": 7518264832, "bytes_limit": 76525533204, "bytes_reserved": 0, "peak_bytes_reserved": 0, "largest_free_block_bytes": 0, "pool_bytes": 76525533184, "peak_pool_bytes": 76525533184}}]}
{"stage": "lower", "seconds": 0.8704860918223858, "max_rss_bytes": 121358360576, "gpu": {"num_allocs": 6256, "bytes_in_use": 69371151104, "peak_bytes_in_use": 69441513984, "largest_alloc_size": 7518264832, "bytes_limit": 76525533204, "bytes_reserved": 0, "peak_bytes_reserved": 0, "largest_free_block_bytes": 0, "pool_bytes": 76525533184, "peak_pool_bytes": 76525533184}, "gpus": [{"id": 0, "stats": {"num_allocs": 6256, "bytes_in_use": 69371151104, "peak_bytes_in_use": 69441513984, "largest_alloc_size": 7518264832, "bytes_limit": 76525533204, "bytes_reserved": 0, "peak_bytes_reserved": 0, "largest_free_block_bytes": 0, "pool_bytes": 76525533184, "peak_pool_bytes": 76525533184}}, {"id": 1, "stats": {"num_allocs": 6206, "bytes_in_use": 69371151104, "peak_bytes_in_use": 69441513984, "largest_alloc_size": 7518264832, "bytes_limit": 76525533204, "bytes_reserved": 0, "peak_bytes_reserved": 0, "largest_free_block_bytes": 0, "pool_bytes": 76525533184, "peak_pool_bytes": 76525533184}}, {"id": 2, "stats": {"num_allocs": 6206, "bytes_in_use": 69371151104, "peak_bytes_in_use": 69441513984, "largest_alloc_size": 7518264832, "bytes_limit": 76525533204, "bytes_reserved": 0, "peak_bytes_reserved": 0, "largest_free_block_bytes": 0, "pool_bytes": 76525533184, "peak_pool_bytes": 76525533184}}, {"id": 3, "stats": {"num_allocs": 6206, "bytes_in_use": 69371151104, "peak_bytes_in_use": 69441513984, "largest_alloc_size": 7518264832, "bytes_limit": 76525533204, "bytes_reserved": 0, "peak_bytes_reserved": 0, "largest_free_block_bytes": 0, "pool_bytes": 76525533184, "peak_pool_bytes": 76525533184}}, {"id": 4, "stats": {"num_allocs": 6206, "bytes_in_use": 69371151104, "peak_bytes_in_use": 69441513984, "largest_alloc_size": 7518264832, "bytes_limit": 76525533204, "bytes_reserved": 0, "peak_bytes_reserved": 0, "largest_free_block_bytes": 0, "pool_bytes": 76525533184, "peak_pool_bytes": 76525533184}}, {"id": 5, "stats": {"num_allocs": 6206, "bytes_in_use": 69371151104, "peak_bytes_in_use": 69441513984, "largest_alloc_size": 7518264832, "bytes_limit": 76525533204, "bytes_reserved": 0, "peak_bytes_reserved": 0, "largest_free_block_bytes": 0, "pool_bytes": 76525533184, "peak_pool_bytes": 76525533184}}, {"id": 6, "stats": {"num_allocs": 6206, "bytes_in_use": 69371151104, "peak_bytes_in_use": 69441513984, "largest_alloc_size": 7518264832, "bytes_limit": 76525533204, "bytes_reserved": 0, "peak_bytes_reserved": 0, "largest_free_block_bytes": 0, "pool_bytes": 76525533184, "peak_pool_bytes": 76525533184}}, {"id": 7, "stats": {"num_allocs": 6206, "bytes_in_use": 69371151104, "peak_bytes_in_use": 69441513984, "largest_alloc_size": 7518264832, "bytes_limit": 76525533204, "bytes_reserved": 0, "peak_bytes_reserved": 0, "largest_free_block_bytes": 0, "pool_bytes": 76525533184, "peak_pool_bytes": 76525533184}}]}
W0927 14:11:39.961316   56036 hlo_rematerialization.cc:3204] Can't reduce memory use below 49.94GiB (53625289110 bytes) by rematerialization; only reduced to 93.96GiB (100887037648 bytes), down from 93.96GiB (100887037936 bytes) originally
{"stage": "compile", "seconds": 3.1059887409210205, "max_rss_bytes": 121358360576, "gpu": {"num_allocs": 6256, "bytes_in_use": 69371151104, "peak_bytes_in_use": 69441513984, "largest_alloc_size": 7518264832, "bytes_limit": 76525533204, "bytes_reserved": 0, "peak_bytes_reserved": 0, "largest_free_block_bytes": 0, "pool_bytes": 76525533184, "peak_pool_bytes": 76525533184}, "gpus": [{"id": 0, "stats": {"num_allocs": 6256, "bytes_in_use": 69371151104, "peak_bytes_in_use": 69441513984, "largest_alloc_size": 7518264832, "bytes_limit": 76525533204, "bytes_reserved": 0, "peak_bytes_reserved": 0, "largest_free_block_bytes": 0, "pool_bytes": 76525533184, "peak_pool_bytes": 76525533184}}, {"id": 1, "stats": {"num_allocs": 6206, "bytes_in_use": 69371151104, "peak_bytes_in_use": 69441513984, "largest_alloc_size": 7518264832, "bytes_limit": 76525533204, "bytes_reserved": 0, "peak_bytes_reserved": 0, "largest_free_block_bytes": 0, "pool_bytes": 76525533184, "peak_pool_bytes": 76525533184}}, {"id": 2, "stats": {"num_allocs": 6206, "bytes_in_use": 69371151104, "peak_bytes_in_use": 69441513984, "largest_alloc_size": 7518264832, "bytes_limit": 76525533204, "bytes_reserved": 0, "peak_bytes_reserved": 0, "largest_free_block_bytes": 0, "pool_bytes": 76525533184, "peak_pool_bytes": 76525533184}}, {"id": 3, "stats": {"num_allocs": 6206, "bytes_in_use": 69371151104, "peak_bytes_in_use": 69441513984, "largest_alloc_size": 7518264832, "bytes_limit": 76525533204, "bytes_reserved": 0, "peak_bytes_reserved": 0, "largest_free_block_bytes": 0, "pool_bytes": 76525533184, "peak_pool_bytes": 76525533184}}, {"id": 4, "stats": {"num_allocs": 6206, "bytes_in_use": 69371151104, "peak_bytes_in_use": 69441513984, "largest_alloc_size": 7518264832, "bytes_limit": 76525533204, "bytes_reserved": 0, "peak_bytes_reserved": 0, "largest_free_block_bytes": 0, "pool_bytes": 76525533184, "peak_pool_bytes": 76525533184}}, {"id": 5, "stats": {"num_allocs": 6206, "bytes_in_use": 69371151104, "peak_bytes_in_use": 69441513984, "largest_alloc_size": 7518264832, "bytes_limit": 76525533204, "bytes_reserved": 0, "peak_bytes_reserved": 0, "largest_free_block_bytes": 0, "pool_bytes": 76525533184, "peak_pool_bytes": 76525533184}}, {"id": 6, "stats": {"num_allocs": 6206, "bytes_in_use": 69371151104, "peak_bytes_in_use": 69441513984, "largest_alloc_size": 7518264832, "bytes_limit": 76525533204, "bytes_reserved": 0, "peak_bytes_reserved": 0, "largest_free_block_bytes": 0, "pool_bytes": 76525533184, "peak_pool_bytes": 76525533184}}, {"id": 7, "stats": {"num_allocs": 6206, "bytes_in_use": 69371151104, "peak_bytes_in_use": 69441513984, "largest_alloc_size": 7518264832, "bytes_limit": 76525533204, "bytes_reserved": 0, "peak_bytes_reserved": 0, "largest_free_block_bytes": 0, "pool_bytes": 76525533184, "peak_pool_bytes": 76525533184}}]}
W0927 14:11:51.850357   56532 bfc_allocator.cc:502] Allocator (GPU_7_bfc) ran out of memory trying to allocate 14.03GiB (rounded to 15060558848)requested by op 
If the cause is memory fragmentation maybe the environment variable 'TF_GPU_ALLOCATOR=cuda_malloc_async' will improve the situation. 
Current allocation summary follows.
Current allocation summary follows.
W0927 14:11:51.850784   56532 bfc_allocator.cc:513] *******************************************************************************************_________
E0927 14:11:51.850830   56532 pjrt_stream_executor_client.cc:2111] Execution of replica 0 failed: RESOURCE_EXHAUSTED: Out of memory while trying to allocate 14.03GiB. [tf-allocator-allocation-error='']
W0927 14:11:51.856844   56511 bfc_allocator.cc:502] Allocator (GPU_0_bfc) ran out of memory trying to allocate 14.03GiB (rounded to 15060558848)requested by op 
If the cause is memory fragmentation maybe the environment variable 'TF_GPU_ALLOCATOR=cuda_malloc_async' will improve the situation. 
Current allocation summary follows.
Current allocation summary follows.
W0927 14:11:51.857271   56511 bfc_allocator.cc:513] *******************************************************************************************_________
E0927 14:11:51.857310   56511 pjrt_stream_executor_client.cc:2111] Execution of replica 0 failed: RESOURCE_EXHAUSTED: Out of memory while trying to allocate 14.03GiB. [tf-allocator-allocation-error='']
W0927 14:11:51.863456   56520 bfc_allocator.cc:502] Allocator (GPU_3_bfc) ran out of memory trying to allocate 14.03GiB (rounded to 15060558848)requested by op 
If the cause is memory fragmentation maybe the environment variable 'TF_GPU_ALLOCATOR=cuda_malloc_async' will improve the situation. 
Current allocation summary follows.
Current allocation summary follows.
W0927 14:11:51.863843   56520 bfc_allocator.cc:513] *******************************************************************************************_________
E0927 14:11:51.863876   56520 pjrt_stream_executor_client.cc:2111] Execution of replica 0 failed: RESOURCE_EXHAUSTED: Out of memory while trying to allocate 14.03GiB. [tf-allocator-allocation-error='']
W0927 14:11:51.869820   56529 bfc_allocator.cc:502] Allocator (GPU_6_bfc) ran out of memory trying to allocate 14.03GiB (rounded to 15060558848)requested by op 
If the cause is memory fragmentation maybe the environment variable 'TF_GPU_ALLOCATOR=cuda_malloc_async' will improve the situation. 
Current allocation summary follows.
Current allocation summary follows.
W0927 14:11:51.870253   56529 bfc_allocator.cc:513] *******************************************************************************************_________
E0927 14:11:51.870290   56529 pjrt_stream_executor_client.cc:2111] Execution of replica 0 failed: RESOURCE_EXHAUSTED: Out of memory while trying to allocate 14.03GiB. [tf-allocator-allocation-error='']
W0927 14:11:51.876254   56523 bfc_allocator.cc:502] Allocator (GPU_4_bfc) ran out of memory trying to allocate 14.03GiB (rounded to 15060558848)requested by op 
If the cause is memory fragmentation maybe the environment variable 'TF_GPU_ALLOCATOR=cuda_malloc_async' will improve the situation. 
Current allocation summary follows.
Current allocation summary follows.
W0927 14:11:51.876704   56523 bfc_allocator.cc:513] *******************************************************************************************_________
E0927 14:11:51.876738   56523 pjrt_stream_executor_client.cc:2111] Execution of replica 0 failed: RESOURCE_EXHAUSTED: Out of memory while trying to allocate 14.03GiB. [tf-allocator-allocation-error='']
W0927 14:11:51.882507   56517 bfc_allocator.cc:502] Allocator (GPU_2_bfc) ran out of memory trying to allocate 14.03GiB (rounded to 15060558848)requested by op 
If the cause is memory fragmentation maybe the environment variable 'TF_GPU_ALLOCATOR=cuda_malloc_async' will improve the situation. 
Current allocation summary follows.
Current allocation summary follows.
W0927 14:11:51.882910   56517 bfc_allocator.cc:513] *******************************************************************************************_________
E0927 14:11:51.882947   56517 pjrt_stream_executor_client.cc:2111] Execution of replica 0 failed: RESOURCE_EXHAUSTED: Out of memory while trying to allocate 14.03GiB. [tf-allocator-allocation-error='']
W0927 14:11:51.889113   56526 bfc_allocator.cc:502] Allocator (GPU_5_bfc) ran out of memory trying to allocate 14.03GiB (rounded to 15060558848)requested by op 
If the cause is memory fragmentation maybe the environment variable 'TF_GPU_ALLOCATOR=cuda_malloc_async' will improve the situation. 
Current allocation summary follows.
Current allocation summary follows.
W0927 14:11:51.889520   56526 bfc_allocator.cc:513] *******************************************************************************************_________
E0927 14:11:51.889554   56526 pjrt_stream_executor_client.cc:2111] Execution of replica 0 failed: RESOURCE_EXHAUSTED: Out of memory while trying to allocate 14.03GiB. [tf-allocator-allocation-error='']
W0927 14:11:51.895346   56514 bfc_allocator.cc:502] Allocator (GPU_1_bfc) ran out of memory trying to allocate 14.03GiB (rounded to 15060558848)requested by op 
If the cause is memory fragmentation maybe the environment variable 'TF_GPU_ALLOCATOR=cuda_malloc_async' will improve the situation. 
Current allocation summary follows.
Current allocation summary follows.
W0927 14:11:51.895744   56514 bfc_allocator.cc:513] *******************************************************************************************_________
E0927 14:11:51.895779   56514 pjrt_stream_executor_client.cc:2111] Execution of replica 0 failed: RESOURCE_EXHAUSTED: Out of memory while trying to allocate 14.03GiB. [tf-allocator-allocation-error='']
{"stage": "run_0_failed", "seconds": 10.054552990943193, "max_rss_bytes": 121358360576, "gpu": {"num_allocs": 6257, "bytes_in_use": 69371151360, "peak_bytes_in_use": 69441513984, "largest_alloc_size": 7518264832, "bytes_limit": 76525533204, "bytes_reserved": 0, "peak_bytes_reserved": 0, "largest_free_block_bytes": 0, "pool_bytes": 76525533184, "peak_pool_bytes": 76525533184}, "gpus": [{"id": 0, "stats": {"num_allocs": 6257, "bytes_in_use": 69371151360, "peak_bytes_in_use": 69441513984, "largest_alloc_size": 7518264832, "bytes_limit": 76525533204, "bytes_reserved": 0, "peak_bytes_reserved": 0, "largest_free_block_bytes": 0, "pool_bytes": 76525533184, "peak_pool_bytes": 76525533184}}, {"id": 1, "stats": {"num_allocs": 6207, "bytes_in_use": 69371151360, "peak_bytes_in_use": 69441513984, "largest_alloc_size": 7518264832, "bytes_limit": 76525533204, "bytes_reserved": 0, "peak_bytes_reserved": 0, "largest_free_block_bytes": 0, "pool_bytes": 76525533184, "peak_pool_bytes": 76525533184}}, {"id": 2, "stats": {"num_allocs": 6207, "bytes_in_use": 69371151360, "peak_bytes_in_use": 69441513984, "largest_alloc_size": 7518264832, "bytes_limit": 76525533204, "bytes_reserved": 0, "peak_bytes_reserved": 0, "largest_free_block_bytes": 0, "pool_bytes": 76525533184, "peak_pool_bytes": 76525533184}}, {"id": 3, "stats": {"num_allocs": 6207, "bytes_in_use": 69371151360, "peak_bytes_in_use": 69441513984, "largest_alloc_size": 7518264832, "bytes_limit": 76525533204, "bytes_reserved": 0, "peak_bytes_reserved": 0, "largest_free_block_bytes": 0, "pool_bytes": 76525533184, "peak_pool_bytes": 76525533184}}, {"id": 4, "stats": {"num_allocs": 6207, "bytes_in_use": 69371151360, "peak_bytes_in_use": 69441513984, "largest_alloc_size": 7518264832, "bytes_limit": 76525533204, "bytes_reserved": 0, "peak_bytes_reserved": 0, "largest_free_block_bytes": 0, "pool_bytes": 76525533184, "peak_pool_bytes": 76525533184}}, {"id": 5, "stats": {"num_allocs": 6207, "bytes_in_use": 69371151360, "peak_bytes_in_use": 69441513984, "largest_alloc_size": 7518264832, "bytes_limit": 76525533204, "bytes_reserved": 0, "peak_bytes_reserved": 0, "largest_free_block_bytes": 0, "pool_bytes": 76525533184, "peak_pool_bytes": 76525533184}}, {"id": 6, "stats": {"num_allocs": 6207, "bytes_in_use": 69371151360, "peak_bytes_in_use": 69441513984, "largest_alloc_size": 7518264832, "bytes_limit": 76525533204, "bytes_reserved": 0, "peak_bytes_reserved": 0, "largest_free_block_bytes": 0, "pool_bytes": 76525533184, "peak_pool_bytes": 76525533184}}, {"id": 7, "stats": {"num_allocs": 6207, "bytes_in_use": 69371151360, "peak_bytes_in_use": 69441513984, "largest_alloc_size": 7518264832, "bytes_limit": 76525533204, "bytes_reserved": 0, "peak_bytes_reserved": 0, "largest_free_block_bytes": 0, "pool_bytes": 76525533184, "peak_pool_bytes": 76525533184}}]}
Traceback (most recent call last):
  File "/workspace/fixed/scripts/benchmark_compile_capacity.py", line 494, in <module>
    main()
  File "/workspace/fixed/scripts/benchmark_compile_capacity.py", line 398, in main
    state = exe(state, coeffs)
            ^^^^^^^^^^^^^^^^^^
  File "/workspace/venv/lib/python3.12/site-packages/jax/_src/stages.py", line 892, in __call__
    return self._call(*args, **kwargs)
           ^^^^^^^^^^^^^^^^^^^^^^^^^^^
  File "/workspace/venv/lib/python3.12/site-packages/jax/_src/interpreters/pxla.py", line 3260, in aot_cache_miss
    outs, out_flat, args_flat = stages.Compiled.call(params, *args, **kwargs)
                                ^^^^^^^^^^^^^^^^^^^^^^^^^^^^^^^^^^^^^^^^^^^^^
  File "/workspace/venv/lib/python3.12/site-packages/jax/_src/stages.py", line 869, in call
    lo_outs = params.executable.call(*params.const_args, *args_flat)
              ^^^^^^^^^^^^^^^^^^^^^^^^^^^^^^^^^^^^^^^^^^^^^^^^^^^^^^
  File "/workspace/venv/lib/python3.12/site-packages/jax/_src/interpreters/pxla.py", line 3249, in call
    return self.unsafe_call(*args)  # pylint: disable=not-callable
           ^^^^^^^^^^^^^^^^^^^^^^^
  File "/workspace/venv/lib/python3.12/site-packages/jax/_src/profiler.py", line 359, in wrapper
    return func(*args, **kwargs)
           ^^^^^^^^^^^^^^^^^^^^^
  File "/workspace/venv/lib/python3.12/site-packages/jax/_src/interpreters/pxla.py", line 1363, in __call__
    results = self.xla_executable.execute_sharded(input_bufs)
              ^^^^^^^^^^^^^^^^^^^^^^^^^^^^^^^^^^^^^^^^^^^^^^^
jax.errors.JaxRuntimeError: RESOURCE_EXHAUSTED: Out of memory while trying to allocate 14.03GiB.: while running replica 0 and partition 0 of a replicated computation (other replicas may have failed as well).
