Simulation runtime: 3.36 s
GCUPS: 0.018
Simulation runtime: 4.29 s
GCUPS: 0.014
{'case': 'red', 'dx_nm': 10, 'max_R_error': 0.0037172900649253687, 'max_T_error': 0.004975028001391324, 'min_absorption': 0.13242032394950842}
Simulation runtime: 5.50 s
GCUPS: 0.044
Simulation runtime: 6.33 s
GCUPS: 0.038
{'case': 'red', 'dx_nm': 5, 'max_R_error': 0.0037202159756220127, 'max_T_error': 0.008279306140488663, 'min_absorption': 0.13510387834166093}
Simulation runtime: 2.63 s
GCUPS: 0.023
Simulation runtime: 3.23 s
GCUPS: 0.019
{'case': 'green', 'dx_nm': 10, 'max_R_error': 0.010386862485902898, 'max_T_error': 0.01182917918900328, 'min_absorption': 0.114655846225585}
Simulation runtime: 5.27 s
GCUPS: 0.046
Simulation runtime: 6.36 s
GCUPS: 0.038
{'case': 'green', 'dx_nm': 5, 'max_R_error': 0.002759612063190281, 'max_T_error': 0.016314366599359365, 'min_absorption': 0.10458934557975297}
Simulation runtime: 2.63 s
GCUPS: 0.023
Simulation runtime: 3.23 s
GCUPS: 0.019
{'case': 'blue', 'dx_nm': 10, 'max_R_error': 0.010386099415225211, 'max_T_error': 0.008618342123160316, 'min_absorption': 0.21071322941832182}
Simulation runtime: 5.30 s
GCUPS: 0.046
Simulation runtime: 6.40 s
GCUPS: 0.038
{'case': 'blue', 'dx_nm': 5, 'max_R_error': 0.0019492544408703932, 'max_T_error': 0.00982191095858076, 'min_absorption': 0.20887556623657166}
Simulation runtime: 2.83 s
GCUPS: 0.021
Simulation runtime: 3.40 s
GCUPS: 0.018
{'case': 'detector', 'dx_nm': 10, 'max_R_error': 0.034446814918250024, 'max_T_error': 0.004074070046903799, 'min_absorption': 0.5964256916197342}
Simulation runtime: 5.51 s
GCUPS: 0.044
Simulation runtime: 2.98 s
GCUPS: 0.082
{'case': 'detector', 'dx_nm': 5, 'max_R_error': 0.0066105000790676605, 'max_T_error': 0.0010434635220074942, 'min_absorption': 0.5850351694660363}
