{"stage": "prepare", "seconds": 5.51715366798453, "max_rss_bytes": 4339179520, "gpu": {"num_allocs": 54, "bytes_in_use": 684927744, "peak_bytes_in_use": 684927744, "largest_alloc_size": 67898624, "bytes_limit": 24502263547, "bytes_reserved": 0, "peak_bytes_reserved": 0, "largest_free_block_bytes": 0, "pool_bytes": 24502263296, "peak_pool_bytes": 24502263296}}
{"stage": "lower", "seconds": 0.5239149610279128, "max_rss_bytes": 4339179520, "gpu": {"num_allocs": 104, "bytes_in_use": 684927744, "peak_bytes_in_use": 684946432, "largest_alloc_size": 67898624, "bytes_limit": 24502263547, "bytes_reserved": 0, "peak_bytes_reserved": 0, "largest_free_block_bytes": 0, "pool_bytes": 24502263296, "peak_pool_bytes": 24502263296}}
{"stage": "compile", "seconds": 1.946785973967053, "max_rss_bytes": 4339179520, "gpu": {"num_allocs": 237, "bytes_in_use": 684927744, "peak_bytes_in_use": 905400832, "largest_alloc_size": 84675840, "bytes_limit": 24502263547, "bytes_reserved": 0, "peak_bytes_reserved": 0, "largest_free_block_bytes": 0, "pool_bytes": 24502263296, "peak_pool_bytes": 24502263296}}
E0927 09:10:57.730727  879867 pjrt_stream_executor_client.cc:2111] Execution of replica 0 failed: INTERNAL: NCCL operation ncclCommInitRankConfig(&comm, clique_key.num_devices(), nccl_unique_id, ranks[i].rank.value(), &comm_config) failed: unhandled cuda error (run with NCCL_DEBUG=INFO for details). Last NCCL warning(error) log entry (may be unrelated) 'Failed to CUDA calloc async 24 bytes'.
{"stage": "run_0_failed", "seconds": 0.0857166990172118, "max_rss_bytes": 4339179520, "gpu": {"num_allocs": 239, "bytes_in_use": 1141372416, "peak_bytes_in_use": 1141372672, "largest_alloc_size": 456444672, "bytes_limit": 24502263547, "bytes_reserved": 0, "peak_bytes_reserved": 0, "largest_free_block_bytes": 0, "pool_bytes": 24502263296, "peak_pool_bytes": 24502263296}}
Traceback (most recent call last):
  File "/home/quentinwach/beamz/beamz-capacity-fix/scripts/benchmark_compile_capacity.py", line 313, in <module>
    main()
  File "/home/quentinwach/beamz/beamz-capacity-fix/scripts/benchmark_compile_capacity.py", line 264, in main
    state = exe(state, coeffs)
            ^^^^^^^^^^^^^^^^^^
  File "/home/quentinwach/beamz/beamz-h100-dev/.venv/lib/python3.11/site-packages/jax/_src/stages.py", line 892, in __call__
    return self._call(*args, **kwargs)
           ^^^^^^^^^^^^^^^^^^^^^^^^^^^
  File "/home/quentinwach/beamz/beamz-h100-dev/.venv/lib/python3.11/site-packages/jax/_src/interpreters/pxla.py", line 3260, in aot_cache_miss
    outs, out_flat, args_flat = stages.Compiled.call(params, *args, **kwargs)
                                ^^^^^^^^^^^^^^^^^^^^^^^^^^^^^^^^^^^^^^^^^^^^^
  File "/home/quentinwach/beamz/beamz-h100-dev/.venv/lib/python3.11/site-packages/jax/_src/stages.py", line 869, in call
    lo_outs = params.executable.call(*params.const_args, *args_flat)
              ^^^^^^^^^^^^^^^^^^^^^^^^^^^^^^^^^^^^^^^^^^^^^^^^^^^^^^
  File "/home/quentinwach/beamz/beamz-h100-dev/.venv/lib/python3.11/site-packages/jax/_src/interpreters/pxla.py", line 3249, in call
    return self.unsafe_call(*args)  # pylint: disable=not-callable
           ^^^^^^^^^^^^^^^^^^^^^^^
  File "/home/quentinwach/beamz/beamz-h100-dev/.venv/lib/python3.11/site-packages/jax/_src/profiler.py", line 359, in wrapper
    return func(*args, **kwargs)
           ^^^^^^^^^^^^^^^^^^^^^
  File "/home/quentinwach/beamz/beamz-h100-dev/.venv/lib/python3.11/site-packages/jax/_src/interpreters/pxla.py", line 1363, in __call__
    results = self.xla_executable.execute_sharded(input_bufs)
              ^^^^^^^^^^^^^^^^^^^^^^^^^^^^^^^^^^^^^^^^^^^^^^^
jax.errors.JaxRuntimeError: INTERNAL: NCCL operation ncclCommInitRankConfig(&comm, clique_key.num_devices(), nccl_unique_id, ranks[i].rank.value(), &comm_config) failed: unhandled cuda error (run with NCCL_DEBUG=INFO for details). Last NCCL warning(error) log entry (may be unrelated) 'Failed to CUDA calloc async 24 bytes'.
